Archive member included to satisfy reference by file (symbol)

/mnt/d/code/146lab/SJSU-Dev2/tools/gcc-arm-none-eabi-7-2017-q4-major/bin/../lib/gcc/arm-none-eabi/7.2.1/../../../../arm-none-eabi/lib/thumb/v7e-m/fpv4-sp/hard/libstdc++_nano.a(guard.o)
                              build/application/compiled//mnt/d/code/146lab/SJSU-Dev2/firmware/library/L3_Application/task_scheduler.cpp.o (__cxa_guard_acquire)
/mnt/d/code/146lab/SJSU-Dev2/tools/gcc-arm-none-eabi-7-2017-q4-major/bin/../lib/gcc/arm-none-eabi/7.2.1/../../../../arm-none-eabi/lib/thumb/v7e-m/fpv4-sp/hard/libstdc++_nano.a(pure.o)
                              build/application/compiled//mnt/d/code/146lab/SJSU-Dev2/firmware/library/L3_Application/task_scheduler.cpp.o (__cxa_pure_virtual)
/mnt/d/code/146lab/SJSU-Dev2/tools/gcc-arm-none-eabi-7-2017-q4-major/bin/../lib/gcc/arm-none-eabi/7.2.1/../../../../arm-none-eabi/lib/thumb/v7e-m/fpv4-sp/hard/libstdc++_nano.a(eh_terminate.o)
                              /mnt/d/code/146lab/SJSU-Dev2/tools/gcc-arm-none-eabi-7-2017-q4-major/bin/../lib/gcc/arm-none-eabi/7.2.1/../../../../arm-none-eabi/lib/thumb/v7e-m/fpv4-sp/hard/libstdc++_nano.a(pure.o) (std::terminate())
/mnt/d/code/146lab/SJSU-Dev2/tools/gcc-arm-none-eabi-7-2017-q4-major/bin/../lib/gcc/arm-none-eabi/7.2.1/../../../../arm-none-eabi/lib/thumb/v7e-m/fpv4-sp/hard/libstdc++_nano.a(eh_term_handler.o)
                              /mnt/d/code/146lab/SJSU-Dev2/tools/gcc-arm-none-eabi-7-2017-q4-major/bin/../lib/gcc/arm-none-eabi/7.2.1/../../../../arm-none-eabi/lib/thumb/v7e-m/fpv4-sp/hard/libstdc++_nano.a(eh_terminate.o) (__cxxabiv1::__terminate_handler)
/mnt/d/code/146lab/SJSU-Dev2/tools/gcc-arm-none-eabi-7-2017-q4-major/bin/../lib/gcc/arm-none-eabi/7.2.1/../../../../arm-none-eabi/lib/thumb/v7e-m/fpv4-sp/hard/libstdc++_nano.a(eh_unex_handler.o)
                              /mnt/d/code/146lab/SJSU-Dev2/tools/gcc-arm-none-eabi-7-2017-q4-major/bin/../lib/gcc/arm-none-eabi/7.2.1/../../../../arm-none-eabi/lib/thumb/v7e-m/fpv4-sp/hard/libstdc++_nano.a(eh_terminate.o) (__cxxabiv1::__unexpected_handler)
/mnt/d/code/146lab/SJSU-Dev2/tools/gcc-arm-none-eabi-7-2017-q4-major/bin/../lib/gcc/arm-none-eabi/7.2.1/../../../../arm-none-eabi/lib/thumb/v7e-m/fpv4-sp/hard/libm.a(lib_a-sf_round.o)
                              build/application/compiled//mnt/d/code/146lab/SJSU-Dev2/firmware/library/L0_LowLevel/startup.cpp.o (roundf)
/mnt/d/code/146lab/SJSU-Dev2/tools/gcc-arm-none-eabi-7-2017-q4-major/bin/../lib/gcc/arm-none-eabi/7.2.1/thumb/v7e-m/fpv4-sp/hard/libgcc.a(_arm_truncdfsf2.o)
                              build/application/compiled//mnt/d/code/146lab/SJSU-Dev2/firmware/library/third_party/printf/printf.cpp.o (__aeabi_d2f)
/mnt/d/code/146lab/SJSU-Dev2/tools/gcc-arm-none-eabi-7-2017-q4-major/bin/../lib/gcc/arm-none-eabi/7.2.1/thumb/v7e-m/fpv4-sp/hard/libgcc.a(_aeabi_uldivmod.o)
                              build/application/compiled/source/main.cpp.o (__aeabi_uldivmod)
/mnt/d/code/146lab/SJSU-Dev2/tools/gcc-arm-none-eabi-7-2017-q4-major/bin/../lib/gcc/arm-none-eabi/7.2.1/thumb/v7e-m/fpv4-sp/hard/libgcc.a(_udivmoddi4.o)
                              /mnt/d/code/146lab/SJSU-Dev2/tools/gcc-arm-none-eabi-7-2017-q4-major/bin/../lib/gcc/arm-none-eabi/7.2.1/thumb/v7e-m/fpv4-sp/hard/libgcc.a(_aeabi_uldivmod.o) (__udivmoddi4)
/mnt/d/code/146lab/SJSU-Dev2/tools/gcc-arm-none-eabi-7-2017-q4-major/bin/../lib/gcc/arm-none-eabi/7.2.1/thumb/v7e-m/fpv4-sp/hard/libgcc.a(_dvmd_tls.o)
                              /mnt/d/code/146lab/SJSU-Dev2/tools/gcc-arm-none-eabi-7-2017-q4-major/bin/../lib/gcc/arm-none-eabi/7.2.1/thumb/v7e-m/fpv4-sp/hard/libgcc.a(_aeabi_uldivmod.o) (__aeabi_ldiv0)
/mnt/d/code/146lab/SJSU-Dev2/tools/gcc-arm-none-eabi-7-2017-q4-major/bin/../lib/gcc/arm-none-eabi/7.2.1/../../../../arm-none-eabi/lib/thumb/v7e-m/fpv4-sp/hard/libg_nano.a(lib_a-abort.o)
                              /mnt/d/code/146lab/SJSU-Dev2/tools/gcc-arm-none-eabi-7-2017-q4-major/bin/../lib/gcc/arm-none-eabi/7.2.1/../../../../arm-none-eabi/lib/thumb/v7e-m/fpv4-sp/hard/libstdc++_nano.a(eh_terminate.o) (abort)
/mnt/d/code/146lab/SJSU-Dev2/tools/gcc-arm-none-eabi-7-2017-q4-major/bin/../lib/gcc/arm-none-eabi/7.2.1/../../../../arm-none-eabi/lib/thumb/v7e-m/fpv4-sp/hard/libg_nano.a(lib_a-exit.o)
                              /mnt/d/code/146lab/SJSU-Dev2/tools/gcc-arm-none-eabi-7-2017-q4-major/bin/../lib/gcc/arm-none-eabi/7.2.1/../../../../arm-none-eabi/lib/thumb/v7e-m/fpv4-sp/hard/crt0.o (exit)
/mnt/d/code/146lab/SJSU-Dev2/tools/gcc-arm-none-eabi-7-2017-q4-major/bin/../lib/gcc/arm-none-eabi/7.2.1/../../../../arm-none-eabi/lib/thumb/v7e-m/fpv4-sp/hard/libg_nano.a(lib_a-impure.o)
                              /mnt/d/code/146lab/SJSU-Dev2/tools/gcc-arm-none-eabi-7-2017-q4-major/bin/../lib/gcc/arm-none-eabi/7.2.1/../../../../arm-none-eabi/lib/thumb/v7e-m/fpv4-sp/hard/libg_nano.a(lib_a-exit.o) (_global_impure_ptr)
[...]
Memory Configuration

Name             Origin             Length             Attributes
MFlash512        0x0000000000010000 0x0000000000070000 xr
RamLoc64         0x0000000010000000 0x0000000000010000 xrw
RamPeriph32      0x0000000020000000 0x0000000000008000 xrw
*default*        0x0000000000000000 0xffffffffffffffff

Linker script and memory map

LOAD /mnt/d/code/146lab/SJSU-Dev2/tools/gcc-arm-none-eabi-7-2017-q4-major/bin/../lib/gcc/arm-none-eabi/7.2.1/thumb/v7e-m/fpv4-sp/hard/crti.o
LOAD /mnt/d/code/146lab/SJSU-Dev2/tools/gcc-arm-none-eabi-7-2017-q4-major/bin/../lib/gcc/arm-none-eabi/7.2.1/thumb/v7e-m/fpv4-sp/hard/crtbegin.o
LOAD /mnt/d/code/146lab/SJSU-Dev2/tools/gcc-arm-none-eabi-7-2017-q4-major/bin/../lib/gcc/arm-none-eabi/7.2.1/../../../../arm-none-eabi/lib/thumb/v7e-m/fpv4-sp/hard/crt0.o
LOAD build/application/compiled/source/LabGPIO.cpp.o
LOAD build/application/compiled/source/main.cpp.o
LOAD build/application/compiled//mnt/d/code/146lab/SJSU-Dev2/firmware/library/L0_LowLevel/startup.cpp.o
LOAD build/application/compiled//mnt/d/code/146lab/SJSU-Dev2/firmware/library/L0_LowLevel/interrupt.cpp.o
LOAD build/application/compiled//mnt/d/code/146lab/SJSU-Dev2/firmware/library/L3_Application/task_scheduler.cpp.o
LOAD build/application/compiled//mnt/d/code/146lab/SJSU-Dev2/firmware/library/newlib/newlib.cpp.o
LOAD build/application/compiled//mnt/d/code/146lab/SJSU-Dev2/firmware/library/newlib/scanf.cpp.o
LOAD build/application/compiled//mnt/d/code/146lab/SJSU-Dev2/firmware/library/third_party/FreeRTOS/Source/timers.c.o
LOAD build/application/compiled//mnt/d/code/146lab/SJSU-Dev2/firmware/library/third_party/FreeRTOS/Source/event_groups.c.o
LOAD build/application/compiled//mnt/d/code/146lab/SJSU-Dev2/firmware/library/third_party/FreeRTOS/Source/stream_buffer.c.o
LOAD build/application/compiled//mnt/d/code/146lab/SJSU-Dev2/firmware/library/third_party/FreeRTOS/Source/list.c.o
LOAD build/application/compiled//mnt/d/code/146lab/SJSU-Dev2/firmware/library/third_party/FreeRTOS/Source/croutine.c.o
LOAD build/application/compiled//mnt/d/code/146lab/SJSU-Dev2/firmware/library/third_party/FreeRTOS/Source/tasks.c.o
LOAD build/application/compiled//mnt/d/code/146lab/SJSU-Dev2/firmware/library/third_party/FreeRTOS/Source/queue.c.o
LOAD build/application/compiled//mnt/d/code/146lab/SJSU-Dev2/firmware/library/third_party/FreeRTOS/Source/portable/GCC/ARM_CM4F/port.c.o
LOAD build/application/compiled//mnt/d/code/146lab/SJSU-Dev2/firmware/library/third_party/FreeRTOS/Source/portable/MemMang/heap_3.c.o
LOAD build/application/compiled//mnt/d/code/146lab/SJSU-Dev2/firmware/library/third_party/microrl/microrl.cpp.o
LOAD build/application/compiled//mnt/d/code/146lab/SJSU-Dev2/firmware/library/third_party/printf/printf.cpp.o
LOAD build/application/compiled//mnt/d/code/146lab/SJSU-Dev2/firmware/library/third_party/fatfs/source/diskio.cpp.o
LOAD build/application/compiled//mnt/d/code/146lab/SJSU-Dev2/firmware/library/third_party/fatfs/source/ff.c.o
LOAD build/application/compiled//mnt/d/code/146lab/SJSU-Dev2/firmware/library/third_party/fatfs/source/ffsystem.c.o
LOAD build/application/compiled//mnt/d/code/146lab/SJSU-Dev2/firmware/library/third_party/fatfs/source/ffunicode.c.o
LOAD /mnt/d/code/146lab/SJSU-Dev2/tools/gcc-arm-none-eabi-7-2017-q4-major/bin/../lib/gcc/arm-none-eabi/7.2.1/../../../../arm-none-eabi/lib/thumb/v7e-m/fpv4-sp/hard/libstdc++_nano.a
LOAD /mnt/d/code/146lab/SJSU-Dev2/tools/gcc-arm-none-eabi-7-2017-q4-major/bin/../lib/gcc/arm-none-eabi/7.2.1/../../../../arm-none-eabi/lib/thumb/v7e-m/fpv4-sp/hard/libm.a
START GROUP
LOAD /mnt/d/code/146lab/SJSU-Dev2/tools/gcc-arm-none-eabi-7-2017-q4-major/bin/../lib/gcc/arm-none-eabi/7.2.1/thumb/v7e-m/fpv4-sp/hard/libgcc.a
LOAD /mnt/d/code/146lab/SJSU-Dev2/tools/gcc-arm-none-eabi-7-2017-q4-major/bin/../lib/gcc/arm-none-eabi/7.2.1/../../../../arm-none-eabi/lib/thumb/v7e-m/fpv4-sp/hard/libg_nano.a
LOAD /mnt/d/code/146lab/SJSU-Dev2/tools/gcc-arm-none-eabi-7-2017-q4-major/bin/../lib/gcc/arm-none-eabi/7.2.1/../../../../arm-none-eabi/lib/thumb/v7e-m/fpv4-sp/hard/libc_nano.a
END GROUP
START GROUP
LOAD /mnt/d/code/146lab/SJSU-Dev2/tools/gcc-arm-none-eabi-7-2017-q4-major/bin/../lib/gcc/arm-none-eabi/7.2.1/thumb/v7e-m/fpv4-sp/hard/libgcc.a
LOAD /mnt/d/code/146lab/SJSU-Dev2/tools/gcc-arm-none-eabi-7-2017-q4-major/bin/../lib/gcc/arm-none-eabi/7.2.1/../../../../arm-none-eabi/lib/thumb/v7e-m/fpv4-sp/hard/libc_nano.a
END GROUP
LOAD /mnt/d/code/146lab/SJSU-Dev2/tools/gcc-arm-none-eabi-7-2017-q4-major/bin/../lib/gcc/arm-none-eabi/7.2.1/thumb/v7e-m/fpv4-sp/hard/crtend.o
LOAD /mnt/d/code/146lab/SJSU-Dev2/tools/gcc-arm-none-eabi-7-2017-q4-major/bin/../lib/gcc/arm-none-eabi/7.2.1/thumb/v7e-m/fpv4-sp/hard/crtn.o
                0x0000000000000000                __base_MFlash512 = 0x0
                0x0000000000000000                __base_Flash = 0x0
                0x0000000000080000                __top_MFlash512 = 0x80000
                0x0000000000080000                __top_Flash = 0x80000
                0x0000000010000000                __base_RamLoc64 = 0x10000000
                0x0000000010000000                __base_RAM = 0x10000000
                0x0000000010010000                __top_RamLoc64 = 0x10010000
                0x0000000010010000                __top_RAM = 0x10010000
                0x0000000020000000                __base_RamPeriph32 = 0x20000000
                0x0000000020000000                __base_RAM2 = 0x20000000
                0x0000000020008000                __top_RamPeriph32 = 0x20008000
                0x0000000020008000                __top_RAM2 = 0x20008000
                0x0000000020000000                __user_heap_base = __base_RAM2

.text           0x0000000000010000     0x94b4
 FILL mask 0xff
                0x0000000000010000                __vectors_start__ = ABSOLUTE (.)
 *(.isr_vector)
 .isr_vector    0x0000000000010000       0xe4 build/application/compiled//mnt/d/code/146lab/SJSU-Dev2/firmware/library/L0_LowLevel/interrupt.cpp.o
                0x00000000000100e4                . = ALIGN (0x4)
                0x00000000000100e4                section_table_start = .
                0x00000000000100e4                data_section_table = .
                0x00000000000100e4        0x4 LONG 0x194bc LOADADDR (.data)
                0x00000000000100e8        0x4 LONG 0x10000000 ADDR (.data)
                0x00000000000100ec        0x4 LONG 0x23c SIZEOF (.data)
                0x00000000000100f0        0x4 LONG 0x194bc LOADADDR (.data_RAM2)
                0x00000000000100f4        0x4 LONG 0x20000000 ADDR (.data_RAM2)
                0x00000000000100f8        0x4 LONG 0x0 SIZEOF (.data_RAM2)
                0x00000000000100fc                data_section_table_end = .
                0x00000000000100fc                bss_section_table = .
                0x00000000000100fc        0x4 LONG 0x10000240 ADDR (.bss)
                0x0000000000010100        0x4 LONG 0x36c SIZEOF (.bss)
                0x0000000000010104        0x4 LONG 0x20000000 ADDR (.bss_RAM2)
                0x0000000000010108        0x4 LONG 0x0 SIZEOF (.bss_RAM2)
                0x000000000001010c                bss_section_table_end = .
                0x000000000001010c                section_table_end = .
 *(.after_vectors*)
 .after_vectors
                0x000000000001010c      0x10c build/application/compiled//mnt/d/code/146lab/SJSU-Dev2/firmware/library/L0_LowLevel/startup.cpp.o
                0x000000000001010c                InitDataSection()
                0x000000000001019c                InitBssSection()
                0x00000000000101fc                InitFpu()
 .after_vectors
                0x0000000000010218       0x1c build/application/compiled//mnt/d/code/146lab/SJSU-Dev2/firmware/library/L0_LowLevel/interrupt.cpp.o
                0x0000000000010218                HardFaultHandler
                0x00000000000002fc                . = 0x2fc
 *fill*         0x0000000000010234       0xc8 ff
                0x00000000000102fc                PROVIDE (__CRP_WORD_START__, .)
 *(.crp)
 .crp           0x00000000000102fc        0x4 build/application/compiled//mnt/d/code/146lab/SJSU-Dev2/firmware/library/L0_LowLevel/startup.cpp.o
                0x0000000000010300                PROVIDE (__CRP_WORD_END__, .)
                0x0000000000000001                ASSERT (! ((__CRP_WORD_START__ == __CRP_WORD_END__)), Linker CRP Enabled, but no CRP_WORD provided within application)
                0x0000000000010300                . = ALIGN (0x4)
 *(.init)
 .init          0x0000000000010300        0x4 /mnt/d/code/146lab/SJSU-Dev2/tools/gcc-arm-none-eabi-7-2017-q4-major/bin/../lib/gcc/arm-none-eabi/7.2.1/thumb/v7e-m/fpv4-sp/hard/crti.o
                0x0000000000010300                _init
 .init          0x0000000000010304        0x8 /mnt/d/code/146lab/SJSU-Dev2/tools/gcc-arm-none-eabi-7-2017-q4-major/bin/../lib/gcc/arm-none-eabi/7.2.1/thumb/v7e-m/fpv4-sp/hard/crtn.o
                0x000000000001030c                . = ALIGN (0x4)
                0x000000000001030c                __preinit_array_start = .
 *(.preinit_array)
                0x000000000001030c                __preinit_array_end = .
                0x000000000001030c                . = ALIGN (0x4)
                0x000000000001030c                __init_array_start = .
 *(SORT_BY_NAME(.init_array.*))
 *(.init_array)
 .init_array    0x000000000001030c        0x4 /mnt/d/code/146lab/SJSU-Dev2/tools/gcc-arm-none-eabi-7-2017-q4-major/bin/../lib/gcc/arm-none-eabi/7.2.1/thumb/v7e-m/fpv4-sp/hard/crtbegin.o
 .init_array    0x0000000000010310        0x4 build/application/compiled//mnt/d/code/146lab/SJSU-Dev2/firmware/library/L0_LowLevel/startup.cpp.o
 .init_array    0x0000000000010314        0x4 build/application/compiled//mnt/d/code/146lab/SJSU-Dev2/firmware/library/third_party/fatfs/source/diskio.cpp.o
                0x0000000000010318                __init_array_end = .
 *(.fini)
 .fini          0x0000000000010318        0x4 /mnt/d/code/146lab/SJSU-Dev2/tools/gcc-arm-none-eabi-7-2017-q4-major/bin/../lib/gcc/arm-none-eabi/7.2.1/thumb/v7e-m/fpv4-sp/hard/crti.o
                0x0000000000010318                _fini
 .fini          0x000000000001031c        0x8 /mnt/d/code/146lab/SJSU-Dev2/tools/gcc-arm-none-eabi-7-2017-q4-major/bin/../lib/gcc/arm-none-eabi/7.2.1/thumb/v7e-m/fpv4-sp/hard/crtn.o
                0x0000000000010324                . = ALIGN (0x4)
 *crtbegin.o(.ctors)
 *(EXCLUDE_FILE(*crtend.o) .ctors)
 *(SORT_BY_NAME(.ctors.*))
 *crtend.o(.ctors)
                0x0000000000010324                . = ALIGN (0x4)
 *crtbegin.o(.dtors)
 *(EXCLUDE_FILE(*crtend.o) .dtors)
 *(SORT_BY_NAME(.dtors.*))
 *crtend.o(.dtors)
 *(.text*)
 .text          0x0000000000010324       0x40 /mnt/d/code/146lab/SJSU-Dev2/tools/gcc-arm-none-eabi-7-2017-q4-major/bin/../lib/gcc/arm-none-eabi/7.2.1/thumb/v7e-m/fpv4-sp/hard/crtbegin.o
 .text._ZN7LabGPIOC2Ehh
                0x0000000000010364      0x138 build/application/compiled/source/LabGPIO.cpp.o
                0x0000000000010364                LabGPIO::LabGPIO(unsigned char, unsigned char)
                0x0000000000010364                LabGPIO::LabGPIO(unsigned char, unsigned char)
 .text._ZN7LabGPIO10SetAsInputEv
                0x000000000001049c       0x44 build/application/compiled/source/LabGPIO.cpp.o
                0x000000000001049c                LabGPIO::SetAsInput()
 .text._ZN7LabGPIO11SetAsOutputEv
                0x00000000000104e0       0x40 build/application/compiled/source/LabGPIO.cpp.o
                0x00000000000104e0                LabGPIO::SetAsOutput()
 .text._ZN7LabGPIO7SetHighEv
                0x0000000000010520       0x38 build/application/compiled/source/LabGPIO.cpp.o
                0x0000000000010520                LabGPIO::SetHigh()
 .text._ZN7LabGPIO6SetLowEv
                0x0000000000010558       0x38 build/application/compiled/source/LabGPIO.cpp.o
                0x0000000000010558                LabGPIO::SetLow()
 .text._ZN7LabGPIO4ReadEv
                0x0000000000010590       0x60 build/application/compiled/source/LabGPIO.cpp.o
                0x0000000000010590                LabGPIO::Read()
 .text._ZN7LabGPIO8ReadBoolEv
                0x00000000000105f0       0x4c build/application/compiled/source/LabGPIO.cpp.o
                0x00000000000105f0                LabGPIO::ReadBool()
 .text._ZN12_GLOBAL__N_113DefaultUptimeEv
                0x000000000001063c       0x30 build/application/compiled/source/main.cpp.o
 .text._Z12Millisecondsv
                0x000000000001066c       0x44 build/application/compiled/source/main.cpp.o
                0x000000000001066c                Milliseconds()
 .text._ZZ4WaityENKUlvE_clEv
                0x00000000000106b0       0x2c build/application/compiled/source/main.cpp.o
                0x00000000000106b0                Wait(unsigned long long)::{lambda()#1}::operator()() const
 .text._ZZ4WaityENUlvE_4_FUNEv
                0x00000000000106dc       0x2c build/application/compiled/source/main.cpp.o
                0x00000000000106dc                Wait(unsigned long long)::{lambda()#1}::_FUN()
 .text._Z4Waity
                0x0000000000010708       0xc4 build/application/compiled/source/main.cpp.o
                0x0000000000010708                Wait(unsigned long long)
 .text._Z5Delayy
                0x00000000000107cc       0x30 build/application/compiled/source/main.cpp.o
                0x00000000000107cc                Delay(unsigned long long)
 .text.main     0x00000000000107fc      0x18c build/application/compiled/source/main.cpp.o
                0x00000000000107fc                main
 .text._Z9toggleLED7LabGPIOS_
                0x0000000000010988       0x84 build/application/compiled/source/main.cpp.o
                0x0000000000010988                toggleLED(LabGPIO, LabGPIO)
 .text._Z4WaitIZ4WaityEUlvE_E6StatusyT_
                0x0000000000010a0c       0xac build/application/compiled/source/main.cpp.o
                0x0000000000010a0c                Status Wait<Wait(unsigned long long)::{lambda()#1}>(unsigned long long, Wait(unsigned long long)::{lambda()#1})
 .text._ZN5debug14PrintBacktraceEbPv
                0x0000000000010ab8      0x100 build/application/compiled//mnt/d/code/146lab/SJSU-Dev2/firmware/library/L0_LowLevel/startup.cpp.o
                0x0000000000010ab8                debug::PrintBacktrace(bool, void*)
 .text._Z17SetUptimeFunctionPFyvE
                0x0000000000010bb8       0x30 build/application/compiled//mnt/d/code/146lab/SJSU-Dev2/firmware/library/L0_LowLevel/startup.cpp.o
                0x0000000000010bb8                SetUptimeFunction(unsigned long long (*)())
 .text._ZN23Lpc40xxSystemController17SetClockFrequencyEh
                0x0000000000010be8       0x90 build/application/compiled//mnt/d/code/146lab/SJSU-Dev2/firmware/library/L0_LowLevel/startup.cpp.o
                0x0000000000010be8                Lpc40xxSystemController::SetClockFrequency(unsigned char)
 .text._ZN23Lpc40xxSystemController25SetPeripheralClockDividerEh
                0x0000000000010c78       0x58 build/application/compiled//mnt/d/code/146lab/SJSU-Dev2/firmware/library/L0_LowLevel/startup.cpp.o
                0x0000000000010c78                Lpc40xxSystemController::SetPeripheralClockDivider(unsigned char)
 .text._ZNK23Lpc40xxSystemController25GetPeripheralClockDividerEv
                0x0000000000010cd0       0x18 build/application/compiled//mnt/d/code/146lab/SJSU-Dev2/firmware/library/L0_LowLevel/startup.cpp.o
                0x0000000000010cd0                Lpc40xxSystemController::GetPeripheralClockDivider() const
 .text._ZNK23Lpc40xxSystemController18GetSystemFrequencyEv
                0x0000000000010ce8       0x14 build/application/compiled//mnt/d/code/146lab/SJSU-Dev2/firmware/library/L0_LowLevel/startup.cpp.o
                0x0000000000010ce8                Lpc40xxSystemController::GetSystemFrequency() const
 .text._ZNK23Lpc40xxSystemController22GetPeripheralFrequencyEv
                0x0000000000010cfc       0x3e build/application/compiled//mnt/d/code/146lab/SJSU-Dev2/firmware/library/L0_LowLevel/startup.cpp.o
                0x0000000000010cfc                Lpc40xxSystemController::GetPeripheralFrequency() const
 *fill*         0x0000000000010d3a        0x2 ff
 .text._ZN23Lpc40xxSystemController17PowerUpPeripheralERKN25SystemControllerInterface12PeripheralIDE
                0x0000000000010d3c       0x30 build/application/compiled//mnt/d/code/146lab/SJSU-Dev2/firmware/library/L0_LowLevel/startup.cpp.o
                0x0000000000010d3c                Lpc40xxSystemController::PowerUpPeripheral(SystemControllerInterface::PeripheralID const&)
 .text._ZN23Lpc40xxSystemController19PowerDownPeripheralERKN25SystemControllerInterface12PeripheralIDE
                0x0000000000010d6c       0x30 build/application/compiled//mnt/d/code/146lab/SJSU-Dev2/firmware/library/L0_LowLevel/startup.cpp.o
                0x0000000000010d6c                Lpc40xxSystemController::PowerDownPeripheral(SystemControllerInterface::PeripheralID const&)
 .text._ZN23Lpc40xxSystemController22SelectOscillatorSourceENS_16OscillatorSourceE
                0x0000000000010d9c       0x34 build/application/compiled//mnt/d/code/146lab/SJSU-Dev2/firmware/library/L0_LowLevel/startup.cpp.o
                0x0000000000010d9c                Lpc40xxSystemController::SelectOscillatorSource(Lpc40xxSystemController::OscillatorSource)
 .text._ZN23Lpc40xxSystemController21SelectMainClockSourceENS_15MainClockSourceE
                0x0000000000010dd0       0x30 build/application/compiled//mnt/d/code/146lab/SJSU-Dev2/firmware/library/L0_LowLevel/startup.cpp.o
                0x0000000000010dd0                Lpc40xxSystemController::SelectMainClockSource(Lpc40xxSystemController::MainClockSource)
 .text._ZN23Lpc40xxSystemController20SelectUsbClockSourceENS_9UsbSourceE
                0x0000000000010e00       0x30 build/application/compiled//mnt/d/code/146lab/SJSU-Dev2/firmware/library/L0_LowLevel/startup.cpp.o
                0x0000000000010e00                Lpc40xxSystemController::SelectUsbClockSource(Lpc40xxSystemController::UsbSource)
 .text._ZN23Lpc40xxSystemController22SelectSpifiClockSourceENS_11SpifiSourceE
                0x0000000000010e30       0x30 build/application/compiled//mnt/d/code/146lab/SJSU-Dev2/firmware/library/L0_LowLevel/startup.cpp.o
                0x0000000000010e30                Lpc40xxSystemController::SelectSpifiClockSource(Lpc40xxSystemController::SpifiSource)
 .text._ZN23Lpc40xxSystemController12CalculatePllENS_8PllInputEt
                0x0000000000010e60      0x110 build/application/compiled//mnt/d/code/146lab/SJSU-Dev2/firmware/library/L0_LowLevel/startup.cpp.o
                0x0000000000010e60                Lpc40xxSystemController::CalculatePll(Lpc40xxSystemController::PllInput, unsigned short)
 .text._ZN23Lpc40xxSystemController10SetMainPllENS_8PllInputEt
                0x0000000000010f70      0x170 build/application/compiled//mnt/d/code/146lab/SJSU-Dev2/firmware/library/L0_LowLevel/startup.cpp.o
                0x0000000000010f70                Lpc40xxSystemController::SetMainPll(Lpc40xxSystemController::PllInput, unsigned short)
 .text._ZN23Lpc40xxSystemController18SetCpuClockDividerEh
                0x00000000000110e0       0x68 build/application/compiled//mnt/d/code/146lab/SJSU-Dev2/firmware/library/L0_LowLevel/startup.cpp.o
                0x00000000000110e0                Lpc40xxSystemController::SetCpuClockDivider(unsigned char)
 .text._ZN23Lpc40xxSystemController18SetEmcClockDividerENS_10EmcDividerE
                0x0000000000011148       0x30 build/application/compiled//mnt/d/code/146lab/SJSU-Dev2/firmware/library/L0_LowLevel/startup.cpp.o
                0x0000000000011148                Lpc40xxSystemController::SetEmcClockDivider(Lpc40xxSystemController::EmcDivider)
 .text._ZN11SystemTimer12DisableTimerEv
                0x0000000000011178       0x3c build/application/compiled//mnt/d/code/146lab/SJSU-Dev2/firmware/library/L0_LowLevel/startup.cpp.o
                0x0000000000011178                SystemTimer::DisableTimer()
 .text._ZN11SystemTimer18SystemTimerHandlerEv
                0x00000000000111b4       0x34 build/application/compiled//mnt/d/code/146lab/SJSU-Dev2/firmware/library/L0_LowLevel/startup.cpp.o
                0x00000000000111b4                SystemTimer::SystemTimerHandler()
 .text._ZN11SystemTimer14SetIsrFunctionEPFvvE
                0x00000000000111e8       0x34 build/application/compiled//mnt/d/code/146lab/SJSU-Dev2/firmware/library/L0_LowLevel/startup.cpp.o
                0x00000000000111e8                SystemTimer::SetIsrFunction(void (*)())
 .text._ZN11SystemTimer10StartTimerEv
                0x000000000001121c       0x9c build/application/compiled//mnt/d/code/146lab/SJSU-Dev2/firmware/library/L0_LowLevel/startup.cpp.o
                0x000000000001121c                SystemTimer::StartTimer()
 .text._ZN11SystemTimer16SetTickFrequencyEm
                0x00000000000112b8       0x94 build/application/compiled//mnt/d/code/146lab/SJSU-Dev2/firmware/library/L0_LowLevel/startup.cpp.o
                0x00000000000112b8                SystemTimer::SetTickFrequency(unsigned long)
 .text._ZN3Pin14SetPinFunctionEh
                0x000000000001134c       0x78 build/application/compiled//mnt/d/code/146lab/SJSU-Dev2/firmware/library/L0_LowLevel/startup.cpp.o
                0x000000000001134c                Pin::SetPinFunction(unsigned char)
 .text._ZN3Pin7SetModeEN12PinInterface4ModeE
                0x00000000000113c4       0x80 build/application/compiled//mnt/d/code/146lab/SJSU-Dev2/firmware/library/L0_LowLevel/startup.cpp.o
                0x00000000000113c4                Pin::SetMode(PinInterface::Mode)
 .text._ZN3Pin16EnableHysteresisEb
                0x0000000000011444       0x74 build/application/compiled//mnt/d/code/146lab/SJSU-Dev2/firmware/library/L0_LowLevel/startup.cpp.o
                0x0000000000011444                Pin::EnableHysteresis(bool)
 .text._ZN3Pin14SetAsActiveLowEb
                0x00000000000114b8       0x74 build/application/compiled//mnt/d/code/146lab/SJSU-Dev2/firmware/library/L0_LowLevel/startup.cpp.o
                0x00000000000114b8                Pin::SetAsActiveLow(bool)
 .text._ZN3Pin15SetAsAnalogModeEb
                0x000000000001152c       0x7c build/application/compiled//mnt/d/code/146lab/SJSU-Dev2/firmware/library/L0_LowLevel/startup.cpp.o
                0x000000000001152c                Pin::SetAsAnalogMode(bool)
 .text._ZN3Pin19EnableDigitalFilterEb
                0x00000000000115a8       0x7c build/application/compiled//mnt/d/code/146lab/SJSU-Dev2/firmware/library/L0_LowLevel/startup.cpp.o
                0x00000000000115a8                Pin::EnableDigitalFilter(bool)
 .text._ZN3Pin14EnableFastModeEb
                0x0000000000011624       0x74 build/application/compiled//mnt/d/code/146lab/SJSU-Dev2/firmware/library/L0_LowLevel/startup.cpp.o
                0x0000000000011624                Pin::EnableFastMode(bool)
 .text._ZN3Pin22EnableI2cHighSpeedModeEb
                0x0000000000011698       0x7c build/application/compiled//mnt/d/code/146lab/SJSU-Dev2/firmware/library/L0_LowLevel/startup.cpp.o
                0x0000000000011698                Pin::EnableI2cHighSpeedMode(bool)
 .text._ZN3Pin25EnableI2cHighCurrentDriveEb
                0x0000000000011714       0x74 build/application/compiled//mnt/d/code/146lab/SJSU-Dev2/firmware/library/L0_LowLevel/startup.cpp.o
                0x0000000000011714                Pin::EnableI2cHighCurrentDrive(bool)
 .text._ZN3Pin14SetAsOpenDrainEb
                0x0000000000011788       0x74 build/application/compiled//mnt/d/code/146lab/SJSU-Dev2/firmware/library/L0_LowLevel/startup.cpp.o
                0x0000000000011788                Pin::SetAsOpenDrain(bool)
 .text._ZN3Pin9EnableDacEb
                0x00000000000117fc       0x74 build/application/compiled//mnt/d/code/146lab/SJSU-Dev2/firmware/library/L0_LowLevel/startup.cpp.o
                0x00000000000117fc                Pin::EnableDac(bool)
 .text._ZN3Pin8BitPlaceEmmmm
                0x0000000000011870       0x64 build/application/compiled//mnt/d/code/146lab/SJSU-Dev2/firmware/library/L0_LowLevel/startup.cpp.o
                0x0000000000011870                Pin::BitPlace(unsigned long, unsigned long, unsigned long, unsigned long)
 .text._ZNK3Pin7GetPortEv
                0x00000000000118d4       0x2c build/application/compiled//mnt/d/code/146lab/SJSU-Dev2/firmware/library/L0_LowLevel/startup.cpp.o
                0x00000000000118d4                Pin::GetPort() const
 .text._ZNK3Pin6GetPinEv
                0x0000000000011900       0x2c build/application/compiled//mnt/d/code/146lab/SJSU-Dev2/firmware/library/L0_LowLevel/startup.cpp.o
                0x0000000000011900                Pin::GetPin() const
 .text._ZN4util5ValueIN14TimerInterface9TimerPortEhEET0_T_
                0x000000000001192c       0x30 build/application/compiled//mnt/d/code/146lab/SJSU-Dev2/firmware/library/L0_LowLevel/startup.cpp.o
                0x000000000001192c                unsigned char util::Value<TimerInterface::TimerPort, unsigned char>(TimerInterface::TimerPort)
 .text._ZN5Timer12DoNothingIsrEv
                0x000000000001195c       0x20 build/application/compiled//mnt/d/code/146lab/SJSU-Dev2/firmware/library/L0_LowLevel/startup.cpp.o
                0x000000000001195c                Timer::DoNothingIsr()
 .text._ZN5Timer10InitializeEmPFvvEl
                0x000000000001197c      0x134 build/application/compiled//mnt/d/code/146lab/SJSU-Dev2/firmware/library/L0_LowLevel/startup.cpp.o
                0x000000000001197c                Timer::Initialize(unsigned long, void (*)(), long)
 .text._ZN4util5ValueIN14TimerInterface20MatchControlRegisterEhEET0_T_
                0x0000000000011ab0       0x30 build/application/compiled//mnt/d/code/146lab/SJSU-Dev2/firmware/library/L0_LowLevel/startup.cpp.o
                0x0000000000011ab0                unsigned char util::Value<TimerInterface::MatchControlRegister, unsigned char>(TimerInterface::MatchControlRegister)
 .text._ZN5Timer8SetTimerEmN14TimerInterface17TimerIsrConditionENS0_20MatchControlRegisterE
                0x0000000000011ae0       0xf8 build/application/compiled//mnt/d/code/146lab/SJSU-Dev2/firmware/library/L0_LowLevel/startup.cpp.o
                0x0000000000011ae0                Timer::SetTimer(unsigned long, TimerInterface::TimerIsrCondition, TimerInterface::MatchControlRegister)
 .text._ZN5Timer8GetTimerEv
                0x0000000000011bd8       0x3c build/application/compiled//mnt/d/code/146lab/SJSU-Dev2/firmware/library/L0_LowLevel/startup.cpp.o
                0x0000000000011bd8                Timer::GetTimer()
 .text._ZN4Uart11SetBaudRateEm
                0x0000000000011c14       0xcc build/application/compiled//mnt/d/code/146lab/SJSU-Dev2/firmware/library/L0_LowLevel/startup.cpp.o
                0x0000000000011c14                Uart::SetBaudRate(unsigned long)
 .text._ZN4Uart10InitializeEm
                0x0000000000011ce0       0xe4 build/application/compiled//mnt/d/code/146lab/SJSU-Dev2/firmware/library/L0_LowLevel/startup.cpp.o
                0x0000000000011ce0                Uart::Initialize(unsigned long)
 .text._ZZN4Uart4SendEhENKUlvE_clEv
                0x0000000000011dc4       0x4c build/application/compiled//mnt/d/code/146lab/SJSU-Dev2/firmware/library/L0_LowLevel/startup.cpp.o
                0x0000000000011dc4                Uart::Send(unsigned char)::{lambda()#1}::operator()() const
 .text._ZN4Uart4SendEh
                0x0000000000011e10       0xe8 build/application/compiled//mnt/d/code/146lab/SJSU-Dev2/firmware/library/L0_LowLevel/startup.cpp.o
                0x0000000000011e10                Uart::Send(unsigned char)
 .text._ZZN4Uart7ReceiveEmENKUlvE_clEv
                0x0000000000011ef8       0x4c build/application/compiled//mnt/d/code/146lab/SJSU-Dev2/firmware/library/L0_LowLevel/startup.cpp.o
                0x0000000000011ef8                Uart::Receive(unsigned long)::{lambda()#1}::operator()() const
 .text._ZN4Uart7ReceiveEm
                0x0000000000011f44       0xf8 build/application/compiled//mnt/d/code/146lab/SJSU-Dev2/firmware/library/L0_LowLevel/startup.cpp.o
                0x0000000000011f44                Uart::Receive(unsigned long)
 .text._ZN4Uart21FindClosestFractionalEf
                0x000000000001203c       0xfc build/application/compiled//mnt/d/code/146lab/SJSU-Dev2/firmware/library/L0_LowLevel/startup.cpp.o
                0x000000000001203c                Uart::FindClosestFractional(float)
 .text._ZN4Uart15DividerEstimateEff
                0x0000000000012138       0x74 build/application/compiled//mnt/d/code/146lab/SJSU-Dev2/firmware/library/L0_LowLevel/startup.cpp.o
                0x0000000000012138                Uart::DividerEstimate(float, float)
 .text._ZN4Uart18FractionalEstimateEff
                0x00000000000121ac       0x74 build/application/compiled//mnt/d/code/146lab/SJSU-Dev2/firmware/library/L0_LowLevel/startup.cpp.o
                0x00000000000121ac                Uart::FractionalEstimate(float, float)
 .text._ZN4Uart9IsDecmialEf
                0x0000000000012220       0x84 build/application/compiled//mnt/d/code/146lab/SJSU-Dev2/firmware/library/L0_LowLevel/startup.cpp.o
                0x0000000000012220                Uart::IsDecmial(float)
 .text._ZN4Uart23GenerateUartCalibrationEf
                0x00000000000122a4      0x1f0 build/application/compiled//mnt/d/code/146lab/SJSU-Dev2/firmware/library/L0_LowLevel/startup.cpp.o
                0x00000000000122a4                Uart::GenerateUartCalibration(float)
 .text._ZN12_GLOBAL__N_113Lpc40xxUptimeEv
                0x0000000000012494       0x40 build/application/compiled//mnt/d/code/146lab/SJSU-Dev2/firmware/library/L0_LowLevel/startup.cpp.o
 .text.UptimeRTOS
                0x00000000000124d4       0x40 build/application/compiled//mnt/d/code/146lab/SJSU-Dev2/firmware/library/L0_LowLevel/startup.cpp.o
                0x00000000000124d4                UptimeRTOS
 .text._Z12LowLevelInitv
                0x0000000000012514       0xbc build/application/compiled//mnt/d/code/146lab/SJSU-Dev2/firmware/library/L0_LowLevel/startup.cpp.o
                0x0000000000012514                LowLevelInit()
 .text.SystemInit
                0x00000000000125d0       0x1a build/application/compiled//mnt/d/code/146lab/SJSU-Dev2/firmware/library/L0_LowLevel/startup.cpp.o
                0x00000000000125d0                SystemInit
 *fill*         0x00000000000125ea        0x2 ff
 .text.ResetIsr
                0x00000000000125ec       0x30 build/application/compiled//mnt/d/code/146lab/SJSU-Dev2/firmware/library/L0_LowLevel/startup.cpp.o
                0x00000000000125ec                ResetIsr
 .text._ZN5Timer12TimerHandlerILN14TimerInterface9TimerPortE0EEEvv
                0x000000000001261c       0x3c build/application/compiled//mnt/d/code/146lab/SJSU-Dev2/firmware/library/L0_LowLevel/startup.cpp.o
                0x000000000001261c                void Timer::TimerHandler<(TimerInterface::TimerPort)0>()
 .text._ZN5Timer12TimerHandlerILN14TimerInterface9TimerPortE1EEEvv
                0x0000000000012658       0x3c build/application/compiled//mnt/d/code/146lab/SJSU-Dev2/firmware/library/L0_LowLevel/startup.cpp.o
                0x0000000000012658                void Timer::TimerHandler<(TimerInterface::TimerPort)1>()
 .text._ZN5Timer12TimerHandlerILN14TimerInterface9TimerPortE2EEEvv
                0x0000000000012694       0x3c build/application/compiled//mnt/d/code/146lab/SJSU-Dev2/firmware/library/L0_LowLevel/startup.cpp.o
                0x0000000000012694                void Timer::TimerHandler<(TimerInterface::TimerPort)2>()
 .text._ZN5Timer12TimerHandlerILN14TimerInterface9TimerPortE3EEEvv
                0x00000000000126d0       0x3c build/application/compiled//mnt/d/code/146lab/SJSU-Dev2/firmware/library/L0_LowLevel/startup.cpp.o
                0x00000000000126d0                void Timer::TimerHandler<(TimerInterface::TimerPort)3>()
 .text._Z4WaitIZN4Uart4SendEhEUlvE_E6StatusyT_
                0x000000000001270c       0xa8 build/application/compiled//mnt/d/code/146lab/SJSU-Dev2/firmware/library/L0_LowLevel/startup.cpp.o
                0x000000000001270c                Status Wait<Uart::Send(unsigned char)::{lambda()#1}>(unsigned long long, Uart::Send(unsigned char)::{lambda()#1})
 .text._Z4WaitIZN4Uart7ReceiveEmEUlvE_E6StatusyT_
                0x00000000000127b4       0xa8 build/application/compiled//mnt/d/code/146lab/SJSU-Dev2/firmware/library/L0_LowLevel/startup.cpp.o
                0x00000000000127b4                Status Wait<Uart::Receive(unsigned long)::{lambda()#1}>(unsigned long long, Uart::Receive(unsigned long)::{lambda()#1})
 .text._ZN5Timer15ClearInterruptsILN14TimerInterface9TimerPortE0EEEvv
                0x000000000001285c       0xa0 build/application/compiled//mnt/d/code/146lab/SJSU-Dev2/firmware/library/L0_LowLevel/startup.cpp.o
                0x000000000001285c                void Timer::ClearInterrupts<(TimerInterface::TimerPort)0>()
 .text._ZN5Timer15ClearInterruptsILN14TimerInterface9TimerPortE1EEEvv
                0x00000000000128fc       0xa0 build/application/compiled//mnt/d/code/146lab/SJSU-Dev2/firmware/library/L0_LowLevel/startup.cpp.o
                0x00000000000128fc                void Timer::ClearInterrupts<(TimerInterface::TimerPort)1>()
 .text._ZN5Timer15ClearInterruptsILN14TimerInterface9TimerPortE2EEEvv
                0x000000000001299c       0xa0 build/application/compiled//mnt/d/code/146lab/SJSU-Dev2/firmware/library/L0_LowLevel/startup.cpp.o
                0x000000000001299c                void Timer::ClearInterrupts<(TimerInterface::TimerPort)2>()
 .text._ZN5Timer15ClearInterruptsILN14TimerInterface9TimerPortE3EEEvv
                0x0000000000012a3c       0xa0 build/application/compiled//mnt/d/code/146lab/SJSU-Dev2/firmware/library/L0_LowLevel/startup.cpp.o
                0x0000000000012a3c                void Timer::ClearInterrupts<(TimerInterface::TimerPort)3>()
 .text._Z41__static_initialization_and_destruction_0ii
                0x0000000000012adc       0xdc build/application/compiled//mnt/d/code/146lab/SJSU-Dev2/firmware/library/L0_LowLevel/startup.cpp.o
 .text._GLOBAL__sub_I_UptimeRTOS
                0x0000000000012bb8        0xe build/application/compiled//mnt/d/code/146lab/SJSU-Dev2/firmware/library/L0_LowLevel/startup.cpp.o
 *fill*         0x0000000000012bc6        0x2 ff
 .text.NVIC_EnableIRQ
                0x0000000000012bc8       0x2c build/application/compiled//mnt/d/code/146lab/SJSU-Dev2/firmware/library/L0_LowLevel/interrupt.cpp.o
 .text.NVIC_SetPriority
                0x0000000000012bf4       0x54 build/application/compiled//mnt/d/code/146lab/SJSU-Dev2/firmware/library/L0_LowLevel/interrupt.cpp.o
 .text.InterruptLookupHandler
                0x0000000000012c48       0x6c build/application/compiled//mnt/d/code/146lab/SJSU-Dev2/firmware/library/L0_LowLevel/interrupt.cpp.o
                0x0000000000012c48                Pwm0IrqHandler
                0x0000000000012c48                EepromIrqHandler
                0x0000000000012c48                Timer2IrqHandler
                0x0000000000012c48                I2c1IrqHandler
                0x0000000000012c48                BusFaultHandler
                0x0000000000012c48                LcdIrqHandler
                0x0000000000012c48                I2c2IrqHandler
                0x0000000000012c48                CanIrqHandler
                0x0000000000012c48                RitIrqHandler
                0x0000000000012c48                Uart2IrqHandler
                0x0000000000012c48                I2sIrqHandler
                0x0000000000012c48                PendSVHandler
                0x0000000000012c48                UsageFaultHandler
                0x0000000000012c48                Uart4IrqHandler
                0x0000000000012c48                InterruptLookupHandler
                0x0000000000012c48                BodIrqHandler
                0x0000000000012c48                SysTickHandler
                0x0000000000012c48                RtcIrqHandler
                0x0000000000012c48                Uart0IrqHandler
                0x0000000000012c48                UsbIrqHandler
                0x0000000000012c48                AdcIrqHandler
                0x0000000000012c48                EnetIrqHandler
                0x0000000000012c48                DmaIrqHandler
                0x0000000000012c48                Eint1IrqHandler
                0x0000000000012c48                SvcHandler
                0x0000000000012c48                GpioIrqHandler
                0x0000000000012c48                SdioIrqHandler
                0x0000000000012c48                Pll1IrqHandler
                0x0000000000012c48                MemManageHandler
                0x0000000000012c48                Pwm1IrqHandler
                0x0000000000012c48                Timer0IrqHandler
                0x0000000000012c48                Uart3IrqHandler
                0x0000000000012c48                Timer1IrqHandler
                0x0000000000012c48                Uart1IrqHandler
                0x0000000000012c48                QeiIrqHandler
                0x0000000000012c48                Ssp2IrqHandler
                0x0000000000012c48                Ssp1IrqHandler
                0x0000000000012c48                Ssp0IrqHandler
                0x0000000000012c48                UsbactivityIrqHandler
                0x0000000000012c48                Pll0IrqHandler
                0x0000000000012c48                CanactivityIrqHandler
                0x0000000000012c48                NmiHandler
                0x0000000000012c48                McpwmIrqHandler
                0x0000000000012c48                WdtIrqHandler
                0x0000000000012c48                DebugMonHandler
                0x0000000000012c48                Eint2IrqHandler
                0x0000000000012c48                Timer3IrqHandler
                0x0000000000012c48                Eint3IrqHandler
                0x0000000000012c48                I2c0IrqHandler
                0x0000000000012c48                Eint0IrqHandler
                0x0000000000012c48                SpiIrqHandler
 .text._Z11RegisterIsr4IRQnPFvvEbl
                0x0000000000012cb4       0x5c build/application/compiled//mnt/d/code/146lab/SJSU-Dev2/firmware/library/L0_LowLevel/interrupt.cpp.o
                0x0000000000012cb4                RegisterIsr(IRQn, void (*)(), bool, long)
 .text.GetRegistersFromStack
                0x0000000000012d10       0x78 build/application/compiled//mnt/d/code/146lab/SJSU-Dev2/firmware/library/L0_LowLevel/interrupt.cpp.o
                0x0000000000012d10                GetRegistersFromStack
 .text._Z14FirmwareStdOuti
                0x0000000000012d88       0x3c build/application/compiled//mnt/d/code/146lab/SJSU-Dev2/firmware/library/newlib/newlib.cpp.o
                0x0000000000012d88                FirmwareStdOut(int)
 .text._exit    0x0000000000012dc4       0x18 build/application/compiled//mnt/d/code/146lab/SJSU-Dev2/firmware/library/newlib/newlib.cpp.o
                0x0000000000012dc4                _exit
 .text._getpid  0x0000000000012ddc       0x24 build/application/compiled//mnt/d/code/146lab/SJSU-Dev2/firmware/library/newlib/newlib.cpp.o
                0x0000000000012ddc                _getpid
 .text._kill    0x0000000000012e00       0x30 build/application/compiled//mnt/d/code/146lab/SJSU-Dev2/firmware/library/newlib/newlib.cpp.o
                0x0000000000012e00                _kill
 .text._putchar
                0x0000000000012e30       0x3c build/application/compiled//mnt/d/code/146lab/SJSU-Dev2/firmware/library/newlib/newlib.cpp.o
                0x0000000000012e30                _putchar
 .text.putchar  0x0000000000012e6c       0x38 build/application/compiled//mnt/d/code/146lab/SJSU-Dev2/firmware/library/newlib/newlib.cpp.o
                0x0000000000012e6c                putchar
 .text.puts     0x0000000000012ea4       0x60 build/application/compiled//mnt/d/code/146lab/SJSU-Dev2/firmware/library/newlib/newlib.cpp.o
                0x0000000000012ea4                puts
 .text.__cyg_profile_func_enter
                0x0000000000012f04       0x28 build/application/compiled//mnt/d/code/146lab/SJSU-Dev2/firmware/library/newlib/newlib.cpp.o
                0x0000000000012f04                __cyg_profile_func_enter
 .text.__cyg_profile_func_exit
                0x0000000000012f2c       0x1c build/application/compiled//mnt/d/code/146lab/SJSU-Dev2/firmware/library/newlib/newlib.cpp.o
                0x0000000000012f2c                __cyg_profile_func_exit
 .text._Z13GetStackTracev
                0x0000000000012f48       0x28 build/application/compiled//mnt/d/code/146lab/SJSU-Dev2/firmware/library/newlib/newlib.cpp.o
                0x0000000000012f48                GetStackTrace()
 .text._Z13GetStackDepthv
                0x0000000000012f70       0x2c build/application/compiled//mnt/d/code/146lab/SJSU-Dev2/firmware/library/newlib/newlib.cpp.o
                0x0000000000012f70                GetStackDepth()
 .text.vTaskSwitchContext
                0x0000000000012f9c       0xc8 build/application/compiled//mnt/d/code/146lab/SJSU-Dev2/firmware/library/third_party/FreeRTOS/Source/tasks.c.o
                0x0000000000012f9c                vTaskSwitchContext
 *fill*         0x0000000000013064        0xc ff
 .text.vPortSVCHandler
                0x0000000000013070       0x28 build/application/compiled//mnt/d/code/146lab/SJSU-Dev2/firmware/library/third_party/FreeRTOS/Source/portable/GCC/ARM_CM4F/port.c.o
                0x0000000000013070                vPortSVCHandler
 *fill*         0x0000000000013098        0x8 ff
 .text.xPortPendSVHandler
                0x00000000000130a0       0x68 build/application/compiled//mnt/d/code/146lab/SJSU-Dev2/firmware/library/third_party/FreeRTOS/Source/portable/GCC/ARM_CM4F/port.c.o
                0x00000000000130a0                xPortPendSVHandler
 .text._ZL9_out_nullcPvjj
                0x0000000000013108       0x30 build/application/compiled//mnt/d/code/146lab/SJSU-Dev2/firmware/library/third_party/printf/printf.cpp.o
 .text._ZL9_out_charcPvjj
                0x0000000000013138       0x44 build/application/compiled//mnt/d/code/146lab/SJSU-Dev2/firmware/library/third_party/printf/printf.cpp.o
 .text._ZL7_strlenPKc
                0x000000000001317c       0x44 build/application/compiled//mnt/d/code/146lab/SJSU-Dev2/firmware/library/third_party/printf/printf.cpp.o
 .text._ZL9_is_digitc
                0x00000000000131c0       0x44 build/application/compiled//mnt/d/code/146lab/SJSU-Dev2/firmware/library/third_party/printf/printf.cpp.o
 .text._ZL5_atoiPPKc
                0x0000000000013204       0x60 build/application/compiled//mnt/d/code/146lab/SJSU-Dev2/firmware/library/third_party/printf/printf.cpp.o
 .text._ZL12_ntoa_formatPFvcPvjjEPcjjS2_jbjjjj
                0x0000000000013264      0x25c build/application/compiled//mnt/d/code/146lab/SJSU-Dev2/firmware/library/third_party/printf/printf.cpp.o
 .text._ZL10_ntoa_longPFvcPvjjEPcjjmbmjjj
                0x00000000000134c0       0xe4 build/application/compiled//mnt/d/code/146lab/SJSU-Dev2/firmware/library/third_party/printf/printf.cpp.o
 .text._ZL15_ntoa_long_longPFvcPvjjEPcjjybyjjj
                0x00000000000135a4       0xf4 build/application/compiled//mnt/d/code/146lab/SJSU-Dev2/firmware/library/third_party/printf/printf.cpp.o
 .text._ZL5_ftoaPFvcPvjjEPcjjdjjj
                0x0000000000013698      0x438 build/application/compiled//mnt/d/code/146lab/SJSU-Dev2/firmware/library/third_party/printf/printf.cpp.o
 .text._ZL10_vsnprintfPFvcPvjjEPcjPKcSt9__va_list
                0x0000000000013ad0      0x8f4 build/application/compiled//mnt/d/code/146lab/SJSU-Dev2/firmware/library/third_party/printf/printf.cpp.o
 .text.printf   0x00000000000143c4       0x4c build/application/compiled//mnt/d/code/146lab/SJSU-Dev2/firmware/library/third_party/printf/printf.cpp.o
                0x00000000000143c4                printf
 .text._ZN12PinInterfaceC2Ev
                0x0000000000014410       0x34 build/application/compiled//mnt/d/code/146lab/SJSU-Dev2/firmware/library/third_party/fatfs/source/diskio.cpp.o
                0x0000000000014410                PinInterface::PinInterface()
                0x0000000000014410                PinInterface::PinInterface()
 .text._ZN3PinC2Ehh
                0x0000000000014444       0x58 build/application/compiled//mnt/d/code/146lab/SJSU-Dev2/firmware/library/third_party/fatfs/source/diskio.cpp.o
                0x0000000000014444                Pin::Pin(unsigned char, unsigned char)
                0x0000000000014444                Pin::Pin(unsigned char, unsigned char)
 .text._ZN13GpioInterfaceC2Ev
                0x000000000001449c       0x34 build/application/compiled//mnt/d/code/146lab/SJSU-Dev2/firmware/library/third_party/fatfs/source/diskio.cpp.o
                0x000000000001449c                GpioInterface::GpioInterface()
                0x000000000001449c                GpioInterface::GpioInterface()
 .text._ZN4GpioC2Ehh
                0x00000000000144d0       0x7c build/application/compiled//mnt/d/code/146lab/SJSU-Dev2/firmware/library/third_party/fatfs/source/diskio.cpp.o
                0x00000000000144d0                Gpio::Gpio(unsigned char, unsigned char)
                0x00000000000144d0                Gpio::Gpio(unsigned char, unsigned char)
 .text._ZN4Gpio10SetAsInputEv
                0x000000000001454c       0x7c build/application/compiled//mnt/d/code/146lab/SJSU-Dev2/firmware/library/third_party/fatfs/source/diskio.cpp.o
                0x000000000001454c                Gpio::SetAsInput()
 .text._ZN4Gpio11SetAsOutputEv
                0x00000000000145c8       0x7c build/application/compiled//mnt/d/code/146lab/SJSU-Dev2/firmware/library/third_party/fatfs/source/diskio.cpp.o
                0x00000000000145c8                Gpio::SetAsOutput()
 .text._ZN4Gpio12SetDirectionEN13GpioInterface9DirectionE
                0x0000000000014644       0x44 build/application/compiled//mnt/d/code/146lab/SJSU-Dev2/firmware/library/third_party/fatfs/source/diskio.cpp.o
                0x0000000000014644                Gpio::SetDirection(GpioInterface::Direction)
 .text._ZN4Gpio7SetHighEv
                0x0000000000014688       0x64 build/application/compiled//mnt/d/code/146lab/SJSU-Dev2/firmware/library/third_party/fatfs/source/diskio.cpp.o
                0x0000000000014688                Gpio::SetHigh()
 .text._ZN4Gpio6SetLowEv
                0x00000000000146ec       0x64 build/application/compiled//mnt/d/code/146lab/SJSU-Dev2/firmware/library/third_party/fatfs/source/diskio.cpp.o
                0x00000000000146ec                Gpio::SetLow()
 .text._ZN4Gpio3SetEN13GpioInterface5StateE
                0x0000000000014750       0x44 build/application/compiled//mnt/d/code/146lab/SJSU-Dev2/firmware/library/third_party/fatfs/source/diskio.cpp.o
                0x0000000000014750                Gpio::Set(GpioInterface::State)
 .text._ZN4Gpio6ToggleEv
                0x0000000000014794       0x6c build/application/compiled//mnt/d/code/146lab/SJSU-Dev2/firmware/library/third_party/fatfs/source/diskio.cpp.o
                0x0000000000014794                Gpio::Toggle()
 .text._ZN4Gpio9ReadStateEv
                0x0000000000014800       0x78 build/application/compiled//mnt/d/code/146lab/SJSU-Dev2/firmware/library/third_party/fatfs/source/diskio.cpp.o
                0x0000000000014800                Gpio::ReadState()
 .text._ZN4Gpio4ReadEv
                0x0000000000014878       0x70 build/application/compiled//mnt/d/code/146lab/SJSU-Dev2/firmware/library/third_party/fatfs/source/diskio.cpp.o
                0x0000000000014878                Gpio::Read()
 .text._ZN4Gpio6GetPinEv
                0x00000000000148e8       0x2c build/application/compiled//mnt/d/code/146lab/SJSU-Dev2/firmware/library/third_party/fatfs/source/diskio.cpp.o
                0x00000000000148e8                Gpio::GetPin()
 .text._ZN4Gpio14ValidPortCheckEv
                0x0000000000014914       0x7c build/application/compiled//mnt/d/code/146lab/SJSU-Dev2/firmware/library/third_party/fatfs/source/diskio.cpp.o
                0x0000000000014914                Gpio::ValidPortCheck()
 .text._ZN4Gpio19SetInterruptRoutineEPFvvE
                0x0000000000014990       0x5c build/application/compiled//mnt/d/code/146lab/SJSU-Dev2/firmware/library/third_party/fatfs/source/diskio.cpp.o
                0x0000000000014990                Gpio::SetInterruptRoutine(void (*)())
 .text._ZN4Gpio21ClearInterruptRoutineEv
                0x00000000000149ec       0x54 build/application/compiled//mnt/d/code/146lab/SJSU-Dev2/firmware/library/third_party/fatfs/source/diskio.cpp.o
                0x00000000000149ec                Gpio::ClearInterruptRoutine()
 .text._ZN4util5ValueIN13GpioInterface4EdgeEhEET0_T_
                0x0000000000014a40       0x30 build/application/compiled//mnt/d/code/146lab/SJSU-Dev2/firmware/library/third_party/fatfs/source/diskio.cpp.o
                0x0000000000014a40                unsigned char util::Value<GpioInterface::Edge, unsigned char>(GpioInterface::Edge)
 .text._ZN4Gpio16SetInterruptEdgeEN13GpioInterface4EdgeE
                0x0000000000014a70       0x88 build/application/compiled//mnt/d/code/146lab/SJSU-Dev2/firmware/library/third_party/fatfs/source/diskio.cpp.o
                0x0000000000014a70                Gpio::SetInterruptEdge(GpioInterface::Edge)
 .text._ZN4Gpio18ClearInterruptEdgeEN13GpioInterface4EdgeE
                0x0000000000014af8       0x88 build/application/compiled//mnt/d/code/146lab/SJSU-Dev2/firmware/library/third_party/fatfs/source/diskio.cpp.o
                0x0000000000014af8                Gpio::ClearInterruptEdge(GpioInterface::Edge)
 .text._ZN4Gpio15AttachInterruptEPFvvEN13GpioInterface4EdgeE
                0x0000000000014b80       0x48 build/application/compiled//mnt/d/code/146lab/SJSU-Dev2/firmware/library/third_party/fatfs/source/diskio.cpp.o
                0x0000000000014b80                Gpio::AttachInterrupt(void (*)(), GpioInterface::Edge)
 .text._ZN4Gpio15DetachInterruptEv
                0x0000000000014bc8       0x40 build/application/compiled//mnt/d/code/146lab/SJSU-Dev2/firmware/library/third_party/fatfs/source/diskio.cpp.o
                0x0000000000014bc8                Gpio::DetachInterrupt()
 .text._ZN4Gpio13SetEdgeRisingEv
                0x0000000000014c08       0x7c build/application/compiled//mnt/d/code/146lab/SJSU-Dev2/firmware/library/third_party/fatfs/source/diskio.cpp.o
                0x0000000000014c08                Gpio::SetEdgeRising()
 .text._ZN4Gpio14SetEdgeFallingEv
                0x0000000000014c84       0x7c build/application/compiled//mnt/d/code/146lab/SJSU-Dev2/firmware/library/third_party/fatfs/source/diskio.cpp.o
                0x0000000000014c84                Gpio::SetEdgeFalling()
 .text._ZN4Gpio15ClearEdgeRisingEv
                0x0000000000014d00       0x7c build/application/compiled//mnt/d/code/146lab/SJSU-Dev2/firmware/library/third_party/fatfs/source/diskio.cpp.o
                0x0000000000014d00                Gpio::ClearEdgeRising()
 .text._ZN4Gpio16ClearEdgeFallingEv
                0x0000000000014d7c       0x7c build/application/compiled//mnt/d/code/146lab/SJSU-Dev2/firmware/library/third_party/fatfs/source/diskio.cpp.o
                0x0000000000014d7c                Gpio::ClearEdgeFalling()
 .text._ZN25SystemControllerInterfaceC2Ev
                0x0000000000014df8       0x18 build/application/compiled//mnt/d/code/146lab/SJSU-Dev2/firmware/library/third_party/fatfs/source/diskio.cpp.o
                0x0000000000014df8                SystemControllerInterface::SystemControllerInterface()
                0x0000000000014df8                SystemControllerInterface::SystemControllerInterface()
 .text._ZN23Lpc40xxSystemControllerC2Ev
                0x0000000000014e10       0x24 build/application/compiled//mnt/d/code/146lab/SJSU-Dev2/firmware/library/third_party/fatfs/source/diskio.cpp.o
                0x0000000000014e10                Lpc40xxSystemController::Lpc40xxSystemController()
                0x0000000000014e10                Lpc40xxSystemController::Lpc40xxSystemController()
 .text._ZN4util5ValueIN3Ssp10PeripheralEiEET0_T_
                0x0000000000014e34       0x2c build/application/compiled//mnt/d/code/146lab/SJSU-Dev2/firmware/library/third_party/fatfs/source/diskio.cpp.o
                0x0000000000014e34                int util::Value<Ssp::Peripheral, int>(Ssp::Peripheral)
 .text._ZN12SspInterfaceC2Ev
                0x0000000000014e60       0x34 build/application/compiled//mnt/d/code/146lab/SJSU-Dev2/firmware/library/third_party/fatfs/source/diskio.cpp.o
                0x0000000000014e60                SspInterface::SspInterface()
                0x0000000000014e60                SspInterface::SspInterface()
 .text._ZN12PinInterfaceC2ERKS_
                0x0000000000014e94       0x38 build/application/compiled//mnt/d/code/146lab/SJSU-Dev2/firmware/library/third_party/fatfs/source/diskio.cpp.o
                0x0000000000014e94                PinInterface::PinInterface(PinInterface const&)
                0x0000000000014e94                PinInterface::PinInterface(PinInterface const&)
 .text._ZN3PinC2ERKS_
                0x0000000000014ecc       0x54 build/application/compiled//mnt/d/code/146lab/SJSU-Dev2/firmware/library/third_party/fatfs/source/diskio.cpp.o
                0x0000000000014ecc                Pin::Pin(Pin const&)
                0x0000000000014ecc                Pin::Pin(Pin const&)
 .text._ZN3SspC2ENS_10PeripheralE
                0x0000000000014f20       0xe4 build/application/compiled//mnt/d/code/146lab/SJSU-Dev2/firmware/library/third_party/fatfs/source/diskio.cpp.o
                0x0000000000014f20                Ssp::Ssp(Ssp::Peripheral)
                0x0000000000014f20                Ssp::Ssp(Ssp::Peripheral)
 .text._ZN3Ssp10InitializeEv
                0x0000000000015004       0xe4 build/application/compiled//mnt/d/code/146lab/SJSU-Dev2/firmware/library/third_party/fatfs/source/diskio.cpp.o
                0x0000000000015004                Ssp::Initialize()
 .text._ZN3Ssp17IsTransferRegBusyEv
                0x00000000000150e8       0x78 build/application/compiled//mnt/d/code/146lab/SJSU-Dev2/firmware/library/third_party/fatfs/source/diskio.cpp.o
                0x00000000000150e8                Ssp::IsTransferRegBusy()
 .text._ZN3Ssp8TransferEt
                0x0000000000015160       0x6c build/application/compiled//mnt/d/code/146lab/SJSU-Dev2/firmware/library/third_party/fatfs/source/diskio.cpp.o
                0x0000000000015160                Ssp::Transfer(unsigned short)
 .text._ZN3Ssp19SetSpiMasterDefaultEv
                0x00000000000151cc       0x5c build/application/compiled//mnt/d/code/146lab/SJSU-Dev2/firmware/library/third_party/fatfs/source/diskio.cpp.o
                0x00000000000151cc                Ssp::SetSpiMasterDefault()
 .text._ZN4util5ValueIN12SspInterface8DataSizeEhEET0_T_
                0x0000000000015228       0x30 build/application/compiled//mnt/d/code/146lab/SJSU-Dev2/firmware/library/third_party/fatfs/source/diskio.cpp.o
                0x0000000000015228                unsigned char util::Value<SspInterface::DataSize, unsigned char>(SspInterface::DataSize)
 .text._ZN4util5ValueIN12SspInterface9FrameModeEhEET0_T_
                0x0000000000015258       0x30 build/application/compiled//mnt/d/code/146lab/SJSU-Dev2/firmware/library/third_party/fatfs/source/diskio.cpp.o
                0x0000000000015258                unsigned char util::Value<SspInterface::FrameMode, unsigned char>(SspInterface::FrameMode)
 .text._ZN4util5ValueIN12SspInterface15MasterSlaveModeEhEET0_T_
                0x0000000000015288       0x30 build/application/compiled//mnt/d/code/146lab/SJSU-Dev2/firmware/library/third_party/fatfs/source/diskio.cpp.o
                0x0000000000015288                unsigned char util::Value<SspInterface::MasterSlaveMode, unsigned char>(SspInterface::MasterSlaveMode)
 .text._ZN3Ssp17SetPeripheralModeEN12SspInterface15MasterSlaveModeENS0_9FrameModeENS0_8DataSizeE
                0x00000000000152b8      0x20c build/application/compiled//mnt/d/code/146lab/SJSU-Dev2/firmware/library/third_party/fatfs/source/diskio.cpp.o
                0x00000000000152b8                Ssp::SetPeripheralMode(SspInterface::MasterSlaveMode, SspInterface::FrameMode, SspInterface::DataSize)
 .text._ZN3Ssp17GetPeripheralModeEv
                0x00000000000154c4      0x160 build/application/compiled//mnt/d/code/146lab/SJSU-Dev2/firmware/library/third_party/fatfs/source/diskio.cpp.o
                0x00000000000154c4                Ssp::GetPeripheralMode()
 .text._ZN3Ssp8SetClockEbbhh
                0x0000000000015624      0x1ec build/application/compiled//mnt/d/code/146lab/SJSU-Dev2/firmware/library/third_party/fatfs/source/diskio.cpp.o
                0x0000000000015624                Ssp::SetClock(bool, bool, unsigned char, unsigned char)
 .text._ZN3Ssp8GetClockEv
                0x0000000000015810      0x184 build/application/compiled//mnt/d/code/146lab/SJSU-Dev2/firmware/library/third_party/fatfs/source/diskio.cpp.o
                0x0000000000015810                Ssp::GetClock()
 .text._ZN11SdInterfaceC2Ev
                0x0000000000015994       0x34 build/application/compiled//mnt/d/code/146lab/SJSU-Dev2/firmware/library/third_party/fatfs/source/diskio.cpp.o
                0x0000000000015994                SdInterface::SdInterface()
                0x0000000000015994                SdInterface::SdInterface()
 .text._ZN2SdC2ENS_13DebugSdCard_tEhhhh
                0x00000000000159c8       0xa0 build/application/compiled//mnt/d/code/146lab/SJSU-Dev2/firmware/library/third_party/fatfs/source/diskio.cpp.o
                0x00000000000159c8                Sd::Sd(Sd::DebugSdCard_t, unsigned char, unsigned char, unsigned char, unsigned char)
                0x00000000000159c8                Sd::Sd(Sd::DebugSdCard_t, unsigned char, unsigned char, unsigned char, unsigned char)
 .text._ZN2Sd10InitializeEv
                0x0000000000015a68       0xb0 build/application/compiled//mnt/d/code/146lab/SJSU-Dev2/firmware/library/third_party/fatfs/source/diskio.cpp.o
                0x0000000000015a68                Sd::Initialize()
 .text._ZN2Sd5MountEPN11SdInterface10CardInfo_tE
                0x0000000000015b18      0x31c build/application/compiled//mnt/d/code/146lab/SJSU-Dev2/firmware/library/third_party/fatfs/source/diskio.cpp.o
                0x0000000000015b18                Sd::Mount(SdInterface::CardInfo_t*)
 .text._ZN2Sd6ToBoolEb
                0x0000000000015e34       0x44 build/application/compiled//mnt/d/code/146lab/SJSU-Dev2/firmware/library/third_party/fatfs/source/diskio.cpp.o
                0x0000000000015e34                Sd::ToBool(bool)
 .text._ZN2Sd15WaitToReadBlockEv
                0x0000000000015e78       0x64 build/application/compiled//mnt/d/code/146lab/SJSU-Dev2/firmware/library/third_party/fatfs/source/diskio.cpp.o
                0x0000000000015e78                Sd::WaitToReadBlock()
 .text._ZN2Sd13WaitWhileBusyEv
                0x0000000000015edc       0x50 build/application/compiled//mnt/d/code/146lab/SJSU-Dev2/firmware/library/third_party/fatfs/source/diskio.cpp.o
                0x0000000000015edc                Sd::WaitWhileBusy()
 .text._ZN2Sd9ReadBlockEmPhm
                0x0000000000015f2c      0x418 build/application/compiled//mnt/d/code/146lab/SJSU-Dev2/firmware/library/third_party/fatfs/source/diskio.cpp.o
                0x0000000000015f2c                Sd::ReadBlock(unsigned long, unsigned char*, unsigned long)
 .text._ZN2Sd10WriteBlockEmPKhm
                0x0000000000016344      0x1ac build/application/compiled//mnt/d/code/146lab/SJSU-Dev2/firmware/library/third_party/fatfs/source/diskio.cpp.o
                0x0000000000016344                Sd::WriteBlock(unsigned long, unsigned char const*, unsigned long)
 .text._ZN2Sd11DeleteBlockEmm
                0x00000000000164f0      0x120 build/application/compiled//mnt/d/code/146lab/SJSU-Dev2/firmware/library/third_party/fatfs/source/diskio.cpp.o
                0x00000000000164f0                Sd::DeleteBlock(unsigned long, unsigned long)
 .text._ZN2Sd7SendCmdEN11SdInterface7CommandEmPhmNS0_9KeepAliveE
                0x0000000000016610      0x4a0 build/application/compiled//mnt/d/code/146lab/SJSU-Dev2/firmware/library/third_party/fatfs/source/diskio.cpp.o
                0x0000000000016610                Sd::SendCmd(SdInterface::Command, unsigned long, unsigned char*, unsigned long, SdInterface::KeepAlive)
 .text._ZN2Sd7Crc7AddEhh
                0x0000000000016ab0       0x48 build/application/compiled//mnt/d/code/146lab/SJSU-Dev2/firmware/library/third_party/fatfs/source/diskio.cpp.o
                0x0000000000016ab0                Sd::Crc7Add(unsigned char, unsigned char)
 .text._ZN2Sd7GetCrc7EPhh
                0x0000000000016af8       0x70 build/application/compiled//mnt/d/code/146lab/SJSU-Dev2/firmware/library/third_party/fatfs/source/diskio.cpp.o
                0x0000000000016af8                Sd::GetCrc7(unsigned char*, unsigned char)
 .text._ZN2Sd8GetCrc16EPht
                0x0000000000016b68       0xfc build/application/compiled//mnt/d/code/146lab/SJSU-Dev2/firmware/library/third_party/fatfs/source/diskio.cpp.o
                0x0000000000016b68                Sd::GetCrc16(unsigned char*, unsigned short)
 .text._ZN3bit3SetImEET_S1_m
                0x0000000000016c64       0x3c build/application/compiled//mnt/d/code/146lab/SJSU-Dev2/firmware/library/third_party/fatfs/source/diskio.cpp.o
                0x0000000000016c64                unsigned long bit::Set<unsigned long>(unsigned long, unsigned long)
 .text._ZN3bit4ReadImEEbT_m
                0x0000000000016ca0       0x44 build/application/compiled//mnt/d/code/146lab/SJSU-Dev2/firmware/library/third_party/fatfs/source/diskio.cpp.o
                0x0000000000016ca0                bool bit::Read<unsigned long>(unsigned long, unsigned long)
 .text._ZN3bit6InsertImhEET_S1_T0_mm
                0x0000000000016ce4       0x74 build/application/compiled//mnt/d/code/146lab/SJSU-Dev2/firmware/library/third_party/fatfs/source/diskio.cpp.o
                0x0000000000016ce4                unsigned long bit::Insert<unsigned long, unsigned char>(unsigned long, unsigned char, unsigned long, unsigned long)
 .text._ZN3bit7ExtractImEET_S1_mm
                0x0000000000016d58       0x54 build/application/compiled//mnt/d/code/146lab/SJSU-Dev2/firmware/library/third_party/fatfs/source/diskio.cpp.o
                0x0000000000016d58                unsigned long bit::Extract<unsigned long>(unsigned long, unsigned long, unsigned long)
 .text._ZN3bit6InsertImbEET_S1_T0_mm
                0x0000000000016dac       0x74 build/application/compiled//mnt/d/code/146lab/SJSU-Dev2/firmware/library/third_party/fatfs/source/diskio.cpp.o
                0x0000000000016dac                unsigned long bit::Insert<unsigned long, bool>(unsigned long, bool, unsigned long, unsigned long)
 .text._Z41__static_initialization_and_destruction_0ii
                0x0000000000016e20       0x50 build/application/compiled//mnt/d/code/146lab/SJSU-Dev2/firmware/library/third_party/fatfs/source/diskio.cpp.o
 .text._GLOBAL__sub_I_disk_status
                0x0000000000016e70       0x28 build/application/compiled//mnt/d/code/146lab/SJSU-Dev2/firmware/library/third_party/fatfs/source/diskio.cpp.o
 .text.__cxa_pure_virtual
                0x0000000000016e98        0x6 /mnt/d/code/146lab/SJSU-Dev2/tools/gcc-arm-none-eabi-7-2017-q4-major/bin/../lib/gcc/arm-none-eabi/7.2.1/../../../../arm-none-eabi/lib/thumb/v7e-m/fpv4-sp/hard/libstdc++_nano.a(pure.o)
                0x0000000000016e98                __cxa_pure_virtual
 .text._ZN10__cxxabiv111__terminateEPFvvE
                0x0000000000016e9e        0x8 /mnt/d/code/146lab/SJSU-Dev2/tools/gcc-arm-none-eabi-7-2017-q4-major/bin/../lib/gcc/arm-none-eabi/7.2.1/../../../../arm-none-eabi/lib/thumb/v7e-m/fpv4-sp/hard/libstdc++_nano.a(eh_terminate.o)
                0x0000000000016e9e                __cxxabiv1::__terminate(void (*)())
 *fill*         0x0000000000016ea6        0x2 ff
 .text._ZSt13get_terminatev
                0x0000000000016ea8       0x10 /mnt/d/code/146lab/SJSU-Dev2/tools/gcc-arm-none-eabi-7-2017-q4-major/bin/../lib/gcc/arm-none-eabi/7.2.1/../../../../arm-none-eabi/lib/thumb/v7e-m/fpv4-sp/hard/libstdc++_nano.a(eh_terminate.o)
                0x0000000000016ea8                std::get_terminate()
 .text._ZSt9terminatev
                0x0000000000016eb8        0xa /mnt/d/code/146lab/SJSU-Dev2/tools/gcc-arm-none-eabi-7-2017-q4-major/bin/../lib/gcc/arm-none-eabi/7.2.1/../../../../arm-none-eabi/lib/thumb/v7e-m/fpv4-sp/hard/libstdc++_nano.a(eh_terminate.o)
                0x0000000000016eb8                std::terminate()
 *fill*         0x0000000000016ec2        0x2 ff
 .text.roundf   0x0000000000016ec4       0x60 /mnt/d/code/146lab/SJSU-Dev2/tools/gcc-arm-none-eabi-7-2017-q4-major/bin/../lib/gcc/arm-none-eabi/7.2.1/../../../../arm-none-eabi/lib/thumb/v7e-m/fpv4-sp/hard/libm.a(lib_a-sf_round.o)
                0x0000000000016ec4                roundf
 .text          0x0000000000016f24       0xa0 /mnt/d/code/146lab/SJSU-Dev2/tools/gcc-arm-none-eabi-7-2017-q4-major/bin/../lib/gcc/arm-none-eabi/7.2.1/thumb/v7e-m/fpv4-sp/hard/libgcc.a(_arm_truncdfsf2.o)
                0x0000000000016f24                __aeabi_d2f
                0x0000000000016f24                __truncdfsf2
 .text          0x0000000000016fc4       0x30 /mnt/d/code/146lab/SJSU-Dev2/tools/gcc-arm-none-eabi-7-2017-q4-major/bin/../lib/gcc/arm-none-eabi/7.2.1/thumb/v7e-m/fpv4-sp/hard/libgcc.a(_aeabi_uldivmod.o)
                0x0000000000016fc4                __aeabi_uldivmod
 .text          0x0000000000016ff4      0x2cc /mnt/d/code/146lab/SJSU-Dev2/tools/gcc-arm-none-eabi-7-2017-q4-major/bin/../lib/gcc/arm-none-eabi/7.2.1/thumb/v7e-m/fpv4-sp/hard/libgcc.a(_udivmoddi4.o)
                0x0000000000016ff4                __udivmoddi4
 .text          0x00000000000172c0        0x4 /mnt/d/code/146lab/SJSU-Dev2/tools/gcc-arm-none-eabi-7-2017-q4-major/bin/../lib/gcc/arm-none-eabi/7.2.1/thumb/v7e-m/fpv4-sp/hard/libgcc.a(_dvmd_tls.o)
                0x00000000000172c0                __aeabi_ldiv0
                0x00000000000172c0                __aeabi_idiv0
 .text.abort    0x00000000000172c4        0xe /mnt/d/code/146lab/SJSU-Dev2/tools/gcc-arm-none-eabi-7-2017-q4-major/bin/../lib/gcc/arm-none-eabi/7.2.1/../../../../arm-none-eabi/lib/thumb/v7e-m/fpv4-sp/hard/libg_nano.a(lib_a-abort.o)
                0x00000000000172c4                abort
 *fill*         0x00000000000172d2        0x2 ff
 .text.__libc_init_array
                0x00000000000172d4       0x48 /mnt/d/code/146lab/SJSU-Dev2/tools/gcc-arm-none-eabi-7-2017-q4-major/bin/../lib/gcc/arm-none-eabi/7.2.1/../../../../arm-none-eabi/lib/thumb/v7e-m/fpv4-sp/hard/libg_nano.a(lib_a-init.o)
                0x00000000000172d4                __libc_init_array
 .text.memset   0x000000000001731c       0x10 /mnt/d/code/146lab/SJSU-Dev2/tools/gcc-arm-none-eabi-7-2017-q4-major/bin/../lib/gcc/arm-none-eabi/7.2.1/../../../../arm-none-eabi/lib/thumb/v7e-m/fpv4-sp/hard/libg_nano.a(lib_a-memset.o)
                0x000000000001731c                memset
 .text._raise_r
                0x000000000001732c       0x50 /mnt/d/code/146lab/SJSU-Dev2/tools/gcc-arm-none-eabi-7-2017-q4-major/bin/../lib/gcc/arm-none-eabi/7.2.1/../../../../arm-none-eabi/lib/thumb/v7e-m/fpv4-sp/hard/libg_nano.a(lib_a-signal.o)
                0x000000000001732c                _raise_r
 .text.raise    0x000000000001737c       0x10 /mnt/d/code/146lab/SJSU-Dev2/tools/gcc-arm-none-eabi-7-2017-q4-major/bin/../lib/gcc/arm-none-eabi/7.2.1/../../../../arm-none-eabi/lib/thumb/v7e-m/fpv4-sp/hard/libg_nano.a(lib_a-signal.o)
                0x000000000001737c                raise
 .text._kill_r  0x000000000001738c       0x24 /mnt/d/code/146lab/SJSU-Dev2/tools/gcc-arm-none-eabi-7-2017-q4-major/bin/../lib/gcc/arm-none-eabi/7.2.1/../../../../arm-none-eabi/lib/thumb/v7e-m/fpv4-sp/hard/libg_nano.a(lib_a-signalr.o)
                0x000000000001738c                _kill_r
 .text._getpid_r
                0x00000000000173b0        0x4 /mnt/d/code/146lab/SJSU-Dev2/tools/gcc-arm-none-eabi-7-2017-q4-major/bin/../lib/gcc/arm-none-eabi/7.2.1/../../../../arm-none-eabi/lib/thumb/v7e-m/fpv4-sp/hard/libg_nano.a(lib_a-signalr.o)
                0x00000000000173b0                _getpid_r
 *(.rodata .rodata.* .constdata .constdata.*)
 .rodata._ZZN7LabGPIOC4EhhE4file
                0x00000000000173b4        0xc build/application/compiled/source/LabGPIO.cpp.o
 .rodata._ZZN7LabGPIOC4EhhE4file_0
                0x00000000000173c0        0xc build/application/compiled/source/LabGPIO.cpp.o
 .rodata        0x00000000000173cc       0x8d build/application/compiled/source/LabGPIO.cpp.o
 *fill*         0x0000000000017459        0x3 ff
 .rodata._ZZN7LabGPIOC4EhhE19__PRETTY_FUNCTION__
                0x000000000001745c       0x23 build/application/compiled/source/LabGPIO.cpp.o
 *fill*         0x000000000001747f        0x1 ff
 .rodata._ZZ4mainE4file
                0x0000000000017480        0x9 build/application/compiled/source/main.cpp.o
 *fill*         0x0000000000017489        0x3 ff
 .rodata        0x000000000001748c       0x4e build/application/compiled/source/main.cpp.o
 *fill*         0x00000000000174da        0x2 ff
 .rodata._ZZ4mainE19__PRETTY_FUNCTION__
                0x00000000000174dc        0xb build/application/compiled/source/main.cpp.o
 *fill*         0x00000000000174e7        0x1 ff
 .rodata        0x00000000000174e8      0x5af build/application/compiled//mnt/d/code/146lab/SJSU-Dev2/firmware/library/L0_LowLevel/startup.cpp.o
 *fill*         0x0000000000017a97        0x1 ff
 .rodata._ZZN23Lpc40xxSystemController25SetPeripheralClockDividerEhE4file
                0x0000000000017a98       0x16 build/application/compiled//mnt/d/code/146lab/SJSU-Dev2/firmware/library/L0_LowLevel/startup.cpp.o
                0x0000000000017a98                Lpc40xxSystemController::SetPeripheralClockDivider(unsigned char)::file
 *fill*         0x0000000000017aae        0x2 ff
 .rodata._ZZN23Lpc40xxSystemController12CalculatePllENS_8PllInputEtE4file
                0x0000000000017ab0       0x16 build/application/compiled//mnt/d/code/146lab/SJSU-Dev2/firmware/library/L0_LowLevel/startup.cpp.o
                0x0000000000017ab0                Lpc40xxSystemController::CalculatePll(Lpc40xxSystemController::PllInput, unsigned short)::file
 *fill*         0x0000000000017ac6        0x2 ff
 .rodata._ZZN23Lpc40xxSystemController12CalculatePllENS_8PllInputEtE4file_0
                0x0000000000017ac8       0x16 build/application/compiled//mnt/d/code/146lab/SJSU-Dev2/firmware/library/L0_LowLevel/startup.cpp.o
                0x0000000000017ac8                Lpc40xxSystemController::CalculatePll(Lpc40xxSystemController::PllInput, unsigned short)::file
 *fill*         0x0000000000017ade        0x2 ff
 .rodata._ZZN23Lpc40xxSystemController10SetMainPllENS_8PllInputEtE4file
                0x0000000000017ae0       0x16 build/application/compiled//mnt/d/code/146lab/SJSU-Dev2/firmware/library/L0_LowLevel/startup.cpp.o
                0x0000000000017ae0                Lpc40xxSystemController::SetMainPll(Lpc40xxSystemController::PllInput, unsigned short)::file
 *fill*         0x0000000000017af6        0x2 ff
 .rodata._ZZN23Lpc40xxSystemController18SetCpuClockDividerEhE4file
                0x0000000000017af8       0x16 build/application/compiled//mnt/d/code/146lab/SJSU-Dev2/firmware/library/L0_LowLevel/startup.cpp.o
                0x0000000000017af8                Lpc40xxSystemController::SetCpuClockDivider(unsigned char)::file
 *fill*         0x0000000000017b0e        0x2 ff
 .rodata._ZN5Timer9kPowerbitE
                0x0000000000017b10       0x10 build/application/compiled//mnt/d/code/146lab/SJSU-Dev2/firmware/library/L0_LowLevel/startup.cpp.o
                0x0000000000017b10                Timer::kPowerbit
 .rodata._ZN5Timer9kTimerIrqE
                0x0000000000017b20        0x4 build/application/compiled//mnt/d/code/146lab/SJSU-Dev2/firmware/library/L0_LowLevel/startup.cpp.o
                0x0000000000017b20                Timer::kTimerIrq
 .rodata._ZN5Timer9kTimerIsrE
                0x0000000000017b24       0x10 build/application/compiled//mnt/d/code/146lab/SJSU-Dev2/firmware/library/L0_LowLevel/startup.cpp.o
                0x0000000000017b24                Timer::kTimerIsr
 .rodata._ZZN5Timer10InitializeEmPFvvElE4file
                0x0000000000017b34        0xa build/application/compiled//mnt/d/code/146lab/SJSU-Dev2/firmware/library/L0_LowLevel/startup.cpp.o
                0x0000000000017b34                Timer::Initialize(unsigned long, void (*)(), long)::file
 *fill*         0x0000000000017b3e        0x2 ff
 .rodata._ZN4Uart19kTxUartPortFunctionE
                0x0000000000017b40        0x4 build/application/compiled//mnt/d/code/146lab/SJSU-Dev2/firmware/library/L0_LowLevel/startup.cpp.o
                0x0000000000017b40                Uart::kTxUartPortFunction
 .rodata._ZN4Uart19kRxUartPortFunctionE
                0x0000000000017b44        0x4 build/application/compiled//mnt/d/code/146lab/SJSU-Dev2/firmware/library/L0_LowLevel/startup.cpp.o
                0x0000000000017b44                Uart::kRxUartPortFunction
 .rodata._ZN4Uart9kPowerbitE
                0x0000000000017b48       0x10 build/application/compiled//mnt/d/code/146lab/SJSU-Dev2/firmware/library/L0_LowLevel/startup.cpp.o
                0x0000000000017b48                Uart::kPowerbit
 .rodata._ZZ12LowLevelInitvE4file
                0x0000000000017b58        0xc build/application/compiled//mnt/d/code/146lab/SJSU-Dev2/firmware/library/L0_LowLevel/startup.cpp.o
 .rodata._ZTV4Uart
                0x0000000000017b64       0x3c build/application/compiled//mnt/d/code/146lab/SJSU-Dev2/firmware/library/L0_LowLevel/startup.cpp.o
                0x0000000000017b64                vtable for Uart
 .rodata._ZTV5Timer
                0x0000000000017ba0       0x38 build/application/compiled//mnt/d/code/146lab/SJSU-Dev2/firmware/library/L0_LowLevel/startup.cpp.o
                0x0000000000017ba0                vtable for Timer
 .rodata._ZTV3Pin
                0x0000000000017bd8       0x3c build/application/compiled//mnt/d/code/146lab/SJSU-Dev2/firmware/library/L0_LowLevel/startup.cpp.o
                0x0000000000017bd8                vtable for Pin
 .rodata._ZTV11SystemTimer
                0x0000000000017c14       0x38 build/application/compiled//mnt/d/code/146lab/SJSU-Dev2/firmware/library/L0_LowLevel/startup.cpp.o
                0x0000000000017c14                vtable for SystemTimer
 .rodata._ZTV23Lpc40xxSystemController
                0x0000000000017c4c       0x24 build/application/compiled//mnt/d/code/146lab/SJSU-Dev2/firmware/library/L0_LowLevel/startup.cpp.o
                0x0000000000017c4c                vtable for Lpc40xxSystemController
 .rodata._ZZN23Lpc40xxSystemController25SetPeripheralClockDividerEhE19__PRETTY_FUNCTION__
                0x0000000000017c70       0x49 build/application/compiled//mnt/d/code/146lab/SJSU-Dev2/firmware/library/L0_LowLevel/startup.cpp.o
 *fill*         0x0000000000017cb9        0x3 ff
 .rodata._ZZN23Lpc40xxSystemController10SetMainPllENS_8PllInputEtE19__PRETTY_FUNCTION__
                0x0000000000017cbc       0x5a build/application/compiled//mnt/d/code/146lab/SJSU-Dev2/firmware/library/L0_LowLevel/startup.cpp.o
 *fill*         0x0000000000017d16        0x2 ff
 .rodata._ZZN23Lpc40xxSystemController12CalculatePllENS_8PllInputEtE19__PRETTY_FUNCTION__
                0x0000000000017d18       0x5c build/application/compiled//mnt/d/code/146lab/SJSU-Dev2/firmware/library/L0_LowLevel/startup.cpp.o
 .rodata._ZZN23Lpc40xxSystemController18SetCpuClockDividerEhE19__PRETTY_FUNCTION__
                0x0000000000017d74       0x3a build/application/compiled//mnt/d/code/146lab/SJSU-Dev2/firmware/library/L0_LowLevel/startup.cpp.o
 *fill*         0x0000000000017dae        0x2 ff
 .rodata._ZZN5Timer10InitializeEmPFvvElE19__PRETTY_FUNCTION__
                0x0000000000017db0       0x3e build/application/compiled//mnt/d/code/146lab/SJSU-Dev2/firmware/library/L0_LowLevel/startup.cpp.o
 *fill*         0x0000000000017dee        0x2 ff
 .rodata._ZZ12LowLevelInitvE19__PRETTY_FUNCTION__
                0x0000000000017df0       0x14 build/application/compiled//mnt/d/code/146lab/SJSU-Dev2/firmware/library/L0_LowLevel/startup.cpp.o
 .rodata        0x0000000000017e04      0x256 build/application/compiled//mnt/d/code/146lab/SJSU-Dev2/firmware/library/L0_LowLevel/interrupt.cpp.o
 *fill*         0x000000000001805a        0x2 ff
 .rodata._ZZ22InterruptLookupHandlerE4file
                0x000000000001805c        0xe build/application/compiled//mnt/d/code/146lab/SJSU-Dev2/firmware/library/L0_LowLevel/interrupt.cpp.o
 *fill*         0x000000000001806a        0x2 ff
 .rodata._ZZ22InterruptLookupHandlerE19__PRETTY_FUNCTION__
                0x000000000001806c       0x1e build/application/compiled//mnt/d/code/146lab/SJSU-Dev2/firmware/library/L0_LowLevel/interrupt.cpp.o
 *fill*         0x000000000001808a        0x2 ff
 .rodata._ZZL5_ftoaPFvcPvjjEPcjjdjjjE5pow10
                0x000000000001808c       0x28 build/application/compiled//mnt/d/code/146lab/SJSU-Dev2/firmware/library/third_party/printf/printf.cpp.o
 .rodata        0x00000000000180b4      0xc29 build/application/compiled//mnt/d/code/146lab/SJSU-Dev2/firmware/library/third_party/fatfs/source/diskio.cpp.o
 *fill*         0x0000000000018cdd        0x3 ff
 .rodata._ZZN4Gpio14ValidPortCheckEvE4file
                0x0000000000018ce0        0x9 build/application/compiled//mnt/d/code/146lab/SJSU-Dev2/firmware/library/third_party/fatfs/source/diskio.cpp.o
                0x0000000000018ce0                Gpio::ValidPortCheck()::file
 *fill*         0x0000000000018ce9        0x3 ff
 .rodata._ZZN4Gpio16SetInterruptEdgeEN13GpioInterface4EdgeEE4file
                0x0000000000018cec        0x9 build/application/compiled//mnt/d/code/146lab/SJSU-Dev2/firmware/library/third_party/fatfs/source/diskio.cpp.o
                0x0000000000018cec                Gpio::SetInterruptEdge(GpioInterface::Edge)::file
 *fill*         0x0000000000018cf5        0x3 ff
 .rodata._ZZN4Gpio18ClearInterruptEdgeEN13GpioInterface4EdgeEE4file
                0x0000000000018cf8        0x9 build/application/compiled//mnt/d/code/146lab/SJSU-Dev2/firmware/library/third_party/fatfs/source/diskio.cpp.o
                0x0000000000018cf8                Gpio::ClearInterruptEdge(GpioInterface::Edge)::file
 *fill*         0x0000000000018d01        0x3 ff
 .rodata._ZN3Ssp10kPinSelectE
                0x0000000000018d04        0x3 build/application/compiled//mnt/d/code/146lab/SJSU-Dev2/firmware/library/third_party/fatfs/source/diskio.cpp.o
                0x0000000000018d04                Ssp::kPinSelect
 *fill*         0x0000000000018d07        0x1 ff
 .rodata._ZN3Ssp13kSspPinMatrixE
                0x0000000000018d08       0x48 build/application/compiled//mnt/d/code/146lab/SJSU-Dev2/firmware/library/third_party/fatfs/source/diskio.cpp.o
                0x0000000000018d08                Ssp::kSspPinMatrix
 .rodata._ZN3Ssp9kPowerBitE
                0x0000000000018d50        0xc build/application/compiled//mnt/d/code/146lab/SJSU-Dev2/firmware/library/third_party/fatfs/source/diskio.cpp.o
                0x0000000000018d50                Ssp::kPowerBit
 .rodata._ZN2Sd10kCrcTable8E
                0x0000000000018d5c      0x100 build/application/compiled//mnt/d/code/146lab/SJSU-Dev2/firmware/library/third_party/fatfs/source/diskio.cpp.o
                0x0000000000018d5c                Sd::kCrcTable8
 .rodata._ZN2Sd11kCrcTable16E
                0x0000000000018e5c      0x200 build/application/compiled//mnt/d/code/146lab/SJSU-Dev2/firmware/library/third_party/fatfs/source/diskio.cpp.o
                0x0000000000018e5c                Sd::kCrcTable16
 .rodata._ZZN2Sd5MountEPN11SdInterface10CardInfo_tEE4file
                0x000000000001905c        0x7 build/application/compiled//mnt/d/code/146lab/SJSU-Dev2/firmware/library/third_party/fatfs/source/diskio.cpp.o
                0x000000000001905c                Sd::Mount(SdInterface::CardInfo_t*)::file
 *fill*         0x0000000000019063        0x1 ff
 .rodata._ZZN2Sd5MountEPN11SdInterface10CardInfo_tEE4file_0
                0x0000000000019064        0x7 build/application/compiled//mnt/d/code/146lab/SJSU-Dev2/firmware/library/third_party/fatfs/source/diskio.cpp.o
                0x0000000000019064                Sd::Mount(SdInterface::CardInfo_t*)::file
 *fill*         0x000000000001906b        0x1 ff
 .rodata._ZZN2Sd5MountEPN11SdInterface10CardInfo_tEE4file_1
                0x000000000001906c        0x7 build/application/compiled//mnt/d/code/146lab/SJSU-Dev2/firmware/library/third_party/fatfs/source/diskio.cpp.o
                0x000000000001906c                Sd::Mount(SdInterface::CardInfo_t*)::file
 *fill*         0x0000000000019073        0x1 ff
 .rodata._ZZN2Sd5MountEPN11SdInterface10CardInfo_tEE4file_2
                0x0000000000019074        0x7 build/application/compiled//mnt/d/code/146lab/SJSU-Dev2/firmware/library/third_party/fatfs/source/diskio.cpp.o
                0x0000000000019074                Sd::Mount(SdInterface::CardInfo_t*)::file
 *fill*         0x000000000001907b        0x1 ff
 .rodata._ZZN2Sd9ReadBlockEmPhmE4file
                0x000000000001907c        0x7 build/application/compiled//mnt/d/code/146lab/SJSU-Dev2/firmware/library/third_party/fatfs/source/diskio.cpp.o
                0x000000000001907c                Sd::ReadBlock(unsigned long, unsigned char*, unsigned long)::file
 *fill*         0x0000000000019083        0x1 ff
 .rodata._ZZN2Sd9ReadBlockEmPhmE4file_0
                0x0000000000019084        0x7 build/application/compiled//mnt/d/code/146lab/SJSU-Dev2/firmware/library/third_party/fatfs/source/diskio.cpp.o
                0x0000000000019084                Sd::ReadBlock(unsigned long, unsigned char*, unsigned long)::file
 *fill*         0x000000000001908b        0x1 ff
 .rodata._ZZN2Sd9ReadBlockEmPhmE4file_1
                0x000000000001908c        0x7 build/application/compiled//mnt/d/code/146lab/SJSU-Dev2/firmware/library/third_party/fatfs/source/diskio.cpp.o
                0x000000000001908c                Sd::ReadBlock(unsigned long, unsigned char*, unsigned long)::file
 *fill*         0x0000000000019093        0x1 ff
 .rodata._ZZN2Sd9ReadBlockEmPhmE4file_2
                0x0000000000019094        0x7 build/application/compiled//mnt/d/code/146lab/SJSU-Dev2/firmware/library/third_party/fatfs/source/diskio.cpp.o
                0x0000000000019094                Sd::ReadBlock(unsigned long, unsigned char*, unsigned long)::file
 *fill*         0x000000000001909b        0x1 ff
 .rodata._ZZN2Sd9ReadBlockEmPhmE4file_3
                0x000000000001909c        0x7 build/application/compiled//mnt/d/code/146lab/SJSU-Dev2/firmware/library/third_party/fatfs/source/diskio.cpp.o
                0x000000000001909c                Sd::ReadBlock(unsigned long, unsigned char*, unsigned long)::file
 *fill*         0x00000000000190a3        0x1 ff
 .rodata._ZZN2Sd9ReadBlockEmPhmE4file_4
                0x00000000000190a4        0x7 build/application/compiled//mnt/d/code/146lab/SJSU-Dev2/firmware/library/third_party/fatfs/source/diskio.cpp.o
                0x00000000000190a4                Sd::ReadBlock(unsigned long, unsigned char*, unsigned long)::file
 *fill*         0x00000000000190ab        0x1 ff
 .rodata._ZZN2Sd9ReadBlockEmPhmE4file_5
                0x00000000000190ac        0x7 build/application/compiled//mnt/d/code/146lab/SJSU-Dev2/firmware/library/third_party/fatfs/source/diskio.cpp.o
                0x00000000000190ac                Sd::ReadBlock(unsigned long, unsigned char*, unsigned long)::file
 *fill*         0x00000000000190b3        0x1 ff
 .rodata._ZZN2Sd9ReadBlockEmPhmE4file_6
                0x00000000000190b4        0x7 build/application/compiled//mnt/d/code/146lab/SJSU-Dev2/firmware/library/third_party/fatfs/source/diskio.cpp.o
                0x00000000000190b4                Sd::ReadBlock(unsigned long, unsigned char*, unsigned long)::file
 *fill*         0x00000000000190bb        0x1 ff
 .rodata._ZZN2Sd9ReadBlockEmPhmE4file_7
                0x00000000000190bc        0x7 build/application/compiled//mnt/d/code/146lab/SJSU-Dev2/firmware/library/third_party/fatfs/source/diskio.cpp.o
                0x00000000000190bc                Sd::ReadBlock(unsigned long, unsigned char*, unsigned long)::file
 *fill*         0x00000000000190c3        0x1 ff
 .rodata._ZZN2Sd9ReadBlockEmPhmE4file_8
                0x00000000000190c4        0x7 build/application/compiled//mnt/d/code/146lab/SJSU-Dev2/firmware/library/third_party/fatfs/source/diskio.cpp.o
                0x00000000000190c4                Sd::ReadBlock(unsigned long, unsigned char*, unsigned long)::file
 *fill*         0x00000000000190cb        0x1 ff
 .rodata._ZZN2Sd9ReadBlockEmPhmE4file_9
                0x00000000000190cc        0x7 build/application/compiled//mnt/d/code/146lab/SJSU-Dev2/firmware/library/third_party/fatfs/source/diskio.cpp.o
                0x00000000000190cc                Sd::ReadBlock(unsigned long, unsigned char*, unsigned long)::file
 *fill*         0x00000000000190d3        0x1 ff
 .rodata._ZZN2Sd11DeleteBlockEmmE4file
                0x00000000000190d4        0x7 build/application/compiled//mnt/d/code/146lab/SJSU-Dev2/firmware/library/third_party/fatfs/source/diskio.cpp.o
                0x00000000000190d4                Sd::DeleteBlock(unsigned long, unsigned long)::file
 *fill*         0x00000000000190db        0x1 ff
 .rodata._ZZN2Sd11DeleteBlockEmmE4file_0
                0x00000000000190dc        0x7 build/application/compiled//mnt/d/code/146lab/SJSU-Dev2/firmware/library/third_party/fatfs/source/diskio.cpp.o
                0x00000000000190dc                Sd::DeleteBlock(unsigned long, unsigned long)::file
 *fill*         0x00000000000190e3        0x1 ff
 .rodata._ZZN2Sd7SendCmdEN11SdInterface7CommandEmPhmNS0_9KeepAliveEE4file
                0x00000000000190e4        0x7 build/application/compiled//mnt/d/code/146lab/SJSU-Dev2/firmware/library/third_party/fatfs/source/diskio.cpp.o
                0x00000000000190e4                Sd::SendCmd(SdInterface::Command, unsigned long, unsigned char*, unsigned long, SdInterface::KeepAlive)::file
 *fill*         0x00000000000190eb        0x1 ff
 .rodata._ZZN2Sd7SendCmdEN11SdInterface7CommandEmPhmNS0_9KeepAliveEE4file_0
                0x00000000000190ec        0x7 build/application/compiled//mnt/d/code/146lab/SJSU-Dev2/firmware/library/third_party/fatfs/source/diskio.cpp.o
                0x00000000000190ec                Sd::SendCmd(SdInterface::Command, unsigned long, unsigned char*, unsigned long, SdInterface::KeepAlive)::file
 *fill*         0x00000000000190f3        0x1 ff
 .rodata._ZTV2Sd
                0x00000000000190f4       0x2c build/application/compiled//mnt/d/code/146lab/SJSU-Dev2/firmware/library/third_party/fatfs/source/diskio.cpp.o
                0x00000000000190f4                vtable for Sd
 .rodata._ZTV11SdInterface
                0x0000000000019120       0x2c build/application/compiled//mnt/d/code/146lab/SJSU-Dev2/firmware/library/third_party/fatfs/source/diskio.cpp.o
                0x0000000000019120                vtable for SdInterface
 .rodata._ZTV3Ssp
                0x000000000001914c       0x4c build/application/compiled//mnt/d/code/146lab/SJSU-Dev2/firmware/library/third_party/fatfs/source/diskio.cpp.o
                0x000000000001914c                vtable for Ssp
 .rodata._ZTV12SspInterface
                0x0000000000019198       0x28 build/application/compiled//mnt/d/code/146lab/SJSU-Dev2/firmware/library/third_party/fatfs/source/diskio.cpp.o
                0x0000000000019198                vtable for SspInterface
 .rodata._ZTV25SystemControllerInterface
                0x00000000000191c0       0x24 build/application/compiled//mnt/d/code/146lab/SJSU-Dev2/firmware/library/third_party/fatfs/source/diskio.cpp.o
                0x00000000000191c0                vtable for SystemControllerInterface
 .rodata._ZTV4Gpio
                0x00000000000191e4       0x48 build/application/compiled//mnt/d/code/146lab/SJSU-Dev2/firmware/library/third_party/fatfs/source/diskio.cpp.o
                0x00000000000191e4                vtable for Gpio
 .rodata._ZTV13GpioInterface
                0x000000000001922c       0x48 build/application/compiled//mnt/d/code/146lab/SJSU-Dev2/firmware/library/third_party/fatfs/source/diskio.cpp.o
                0x000000000001922c                vtable for GpioInterface
 .rodata._ZTV12PinInterface
                0x0000000000019274       0x3c build/application/compiled//mnt/d/code/146lab/SJSU-Dev2/firmware/library/third_party/fatfs/source/diskio.cpp.o
                0x0000000000019274                vtable for PinInterface
 .rodata._ZZN4Gpio18ClearInterruptEdgeEN13GpioInterface4EdgeEE19__PRETTY_FUNCTION__
                0x00000000000192b0       0x3b build/application/compiled//mnt/d/code/146lab/SJSU-Dev2/firmware/library/third_party/fatfs/source/diskio.cpp.o
 *fill*         0x00000000000192eb        0x1 ff
 .rodata._ZZN4Gpio14ValidPortCheckEvE19__PRETTY_FUNCTION__
                0x00000000000192ec       0x1c build/application/compiled//mnt/d/code/146lab/SJSU-Dev2/firmware/library/third_party/fatfs/source/diskio.cpp.o
 .rodata._ZZN4Gpio16SetInterruptEdgeEN13GpioInterface4EdgeEE19__PRETTY_FUNCTION__
                0x0000000000019308       0x39 build/application/compiled//mnt/d/code/146lab/SJSU-Dev2/firmware/library/third_party/fatfs/source/diskio.cpp.o
 *fill*         0x0000000000019341        0x3 ff
 .rodata._ZZN2Sd5MountEPN11SdInterface10CardInfo_tEE19__PRETTY_FUNCTION__
                0x0000000000019344       0x31 build/application/compiled//mnt/d/code/146lab/SJSU-Dev2/firmware/library/third_party/fatfs/source/diskio.cpp.o
 *fill*         0x0000000000019375        0x3 ff
 .rodata._ZZN2Sd9ReadBlockEmPhmE19__PRETTY_FUNCTION__
                0x0000000000019378       0x3c build/application/compiled//mnt/d/code/146lab/SJSU-Dev2/firmware/library/third_party/fatfs/source/diskio.cpp.o
 .rodata._ZZN2Sd11DeleteBlockEmmE19__PRETTY_FUNCTION__
                0x00000000000193b4       0x34 build/application/compiled//mnt/d/code/146lab/SJSU-Dev2/firmware/library/third_party/fatfs/source/diskio.cpp.o
 .rodata._ZZN2Sd7SendCmdEN11SdInterface7CommandEmPhmNS0_9KeepAliveEE19__PRETTY_FUNCTION__
                0x00000000000193e8       0x69 build/application/compiled//mnt/d/code/146lab/SJSU-Dev2/firmware/library/third_party/fatfs/source/diskio.cpp.o
 *fill*         0x0000000000019451        0x3 ff
 .rodata.__sf_fake_stderr
                0x0000000000019454       0x20 /mnt/d/code/146lab/SJSU-Dev2/tools/gcc-arm-none-eabi-7-2017-q4-major/bin/../lib/gcc/arm-none-eabi/7.2.1/../../../../arm-none-eabi/lib/thumb/v7e-m/fpv4-sp/hard/libg_nano.a(lib_a-findfp.o)
                0x0000000000019454                __sf_fake_stderr
 .rodata.__sf_fake_stdin
                0x0000000000019474       0x20 /mnt/d/code/146lab/SJSU-Dev2/tools/gcc-arm-none-eabi-7-2017-q4-major/bin/../lib/gcc/arm-none-eabi/7.2.1/../../../../arm-none-eabi/lib/thumb/v7e-m/fpv4-sp/hard/libg_nano.a(lib_a-findfp.o)
                0x0000000000019474                __sf_fake_stdin
 .rodata.__sf_fake_stdout
                0x0000000000019494       0x20 /mnt/d/code/146lab/SJSU-Dev2/tools/gcc-arm-none-eabi-7-2017-q4-major/bin/../lib/gcc/arm-none-eabi/7.2.1/../../../../arm-none-eabi/lib/thumb/v7e-m/fpv4-sp/hard/libg_nano.a(lib_a-findfp.o)
                0x0000000000019494                __sf_fake_stdout
                0x00000000000194b4                . = ALIGN (0x4)

.glue_7         0x00000000000194b4        0x0
 .glue_7        0x00000000000194b4        0x0 linker stubs

.glue_7t        0x00000000000194b4        0x0
 .glue_7t       0x00000000000194b4        0x0 linker stubs

.vfp11_veneer   0x00000000000194b4        0x0
 .vfp11_veneer  0x00000000000194b4        0x0 linker stubs

.v4_bx          0x00000000000194b4        0x0
 .v4_bx         0x00000000000194b4        0x0 linker stubs

.iplt           0x00000000000194b4        0x0
 .iplt          0x00000000000194b4        0x0 /mnt/d/code/146lab/SJSU-Dev2/tools/gcc-arm-none-eabi-7-2017-q4-major/bin/../lib/gcc/arm-none-eabi/7.2.1/thumb/v7e-m/fpv4-sp/hard/crtbegin.o

.ARM.extab
 *(.ARM.extab* .gnu.linkonce.armextab.*)
                0x00000000000194b4                __exidx_start = .

.ARM.exidx      0x00000000000194b4        0x8
 *(.ARM.exidx* .gnu.linkonce.armexidx.*)
 .ARM.exidx     0x00000000000194b4        0x8 /mnt/d/code/146lab/SJSU-Dev2/tools/gcc-arm-none-eabi-7-2017-q4-major/bin/../lib/gcc/arm-none-eabi/7.2.1/thumb/v7e-m/fpv4-sp/hard/libgcc.a(_udivmoddi4.o)
                0x00000000000194bc                __exidx_end = .
                0x00000000000194bc                _etext = .

.eh_frame       0x00000000000194bc        0x0
 .eh_frame      0x00000000000194bc        0x0 /mnt/d/code/146lab/SJSU-Dev2/tools/gcc-arm-none-eabi-7-2017-q4-major/bin/../lib/gcc/arm-none-eabi/7.2.1/thumb/v7e-m/fpv4-sp/hard/crtbegin.o

.rel.dyn        0x00000000000194bc        0x0
 .rel.iplt      0x00000000000194bc        0x0 /mnt/d/code/146lab/SJSU-Dev2/tools/gcc-arm-none-eabi-7-2017-q4-major/bin/../lib/gcc/arm-none-eabi/7.2.1/thumb/v7e-m/fpv4-sp/hard/crtbegin.o

.data_RAM2      0x0000000020000000        0x0 load address 0x00000000000194bc
 FILL mask 0xff
                [!provide]                        PROVIDE (__start_data_RAM2, .)
 *(.ramfunc.$RAM2)
 *(.ramfunc.$RamPeriph32)
 *(.data.$RAM2*)
 *(.data.$RamPeriph32*)
                0x0000000020000000                . = ALIGN (0x4)
                [!provide]                        PROVIDE (__end_data_RAM2, .)

.uninit_RESERVED
                0x0000000010000000        0x0
 *(.bss.$RESERVED*)
                0x0000000010000000                . = ALIGN (0x4)
                0x0000000010000000                _end_uninit_RESERVED = .

.data           0x0000000010000000      0x23c load address 0x00000000000194bc
 FILL mask 0xff
                0x0000000010000000                _data = .
 *(vtable)
 *(.ramfunc*)
 *(.data*)
 .data.Uptime   0x0000000010000000        0x4 build/application/compiled/source/main.cpp.o
                0x0000000010000000                Uptime